
Allocating common symbols
Common symbol       size              file

netbufpool          0x4               binaries/net.o
readylist           0x2               binaries/ready.o
rfltab              0x5a0             binaries/rflinit.o
sleepq              0x2               binaries/clkinit.o
nnames              0x4               binaries/naminit.o
udptab              0x168             binaries/udp.o
minheap             0x4               binaries/meminit.o
marks               0x50              binaries/mark.o
currpid             0x4               binaries/initialize.o
Lf_data             0x20c             binaries/lfsinit.o
porttab             0x2d0             binaries/ptinit.o
girmask             0x2               binaries/evec.o
ttytab              0x10c             binaries/ttyinit.o
victimglobal        0x4               binaries/main.o
proctab             0x15e0            binaries/initialize.o
prcount             0x4               binaries/initialize.o
lfltab              0xf00             binaries/lflinit.o
rdstab              0x8c              binaries/rdsinit.o
ethertab            0x138             binaries/ethinit.o
NetData             0xa8              binaries/net.o
nmarks              0x4               binaries/mark.o
Defer               0x8               binaries/resched.o
semtab              0x4b0             binaries/initialize.o
maxheap             0x4               binaries/meminit.o
preempt             0x4               binaries/clkinit.o
buftab              0xf0              binaries/bufinit.o
Rf_data             0x18              binaries/rfsinit.o
mkmutex             0x4               binaries/mark.o
clktime             0x4               binaries/clkinit.o
arpcache            0x140             binaries/arp.o
icmptab             0x230             binaries/icmp.o
nbpools             0x4               binaries/bufinit.o
queuetab            0x980             binaries/queue.o
ptnextid            0x4               binaries/ptinit.o
Ram                 0x19000           binaries/raminit.o
ipoqueue            0x2c              binaries/ip.o
memlist             0x8               binaries/initialize.o
nametab             0x19a0            binaries/naminit.o
ptfree              0x4               binaries/ptinit.o

Memory Configuration

Name             Origin             Length             Attributes
*default*        0x0000000000000000 0xffffffffffffffff

Linker script and memory map

                0x0000000000100000                physbase = 0x100000
                0x0000000000100000                . = physbase
                0x0000000000100000                . = ALIGN (0x1000)

.text           0x0000000000100000    0x15000
                0x0000000000100000                text = ABSOLUTE (.)
 *(.text .text.*)
 .text          0x0000000000100000      0x1ac binaries/start.o
                0x0000000000100028                start
                0x00000000001000fa                inb
                0x0000000000100102                inw
                0x000000000010010b                inl
                0x0000000000100113                outb
                0x000000000010011d                outw
                0x0000000000100128                outl
                0x0000000000100132                _rtcin
                0x000000000010013d                ___udivsi3
                0x0000000000100148                ___divsi3
                0x0000000000100154                sbzero
                0x0000000000100164                bcopy
                0x0000000000100178                insw
                0x000000000010018e                outsw
                0x00000000001001a4                lidt
 .text          0x00000000001001ac       0x35 binaries/app1.o
                0x00000000001001ac                app1
 .text          0x00000000001001e1       0x8f binaries/app2.o
                0x00000000001001e1                app2
 .text          0x0000000000100270       0x67 binaries/app3.o
                0x0000000000100270                app3
 .text          0x00000000001002d7      0x2b9 binaries/ascdate.o
                0x00000000001002d7                ascdate
 .text          0x0000000000100590       0x14 binaries/bufinit.o
                0x0000000000100590                bufinit
 .text          0x00000000001005a4       0x74 binaries/chprio.o
                0x00000000001005a4                chprio
 .text          0x0000000000100618       0x74 binaries/clkhandler.o
                0x0000000000100618                clkhandler
 .text          0x000000000010068c       0x5d binaries/clkinit.o
                0x000000000010068c                clkinit
 .text          0x00000000001006e9       0x56 binaries/close.o
                0x00000000001006e9                close
 .text          0x000000000010073f        0x0 binaries/conf.o
 .text          0x000000000010073f       0x5c binaries/control.o
                0x000000000010073f                control
 .text          0x000000000010079b      0x26b binaries/create.o
                0x000000000010079b                create
 .text          0x0000000000100a06      0x20e binaries/early_imr.o
                0x0000000000100a06                intel_cln_early_sb_read_reg
                0x0000000000100a5d                intel_cln_early_sb_write_reg
                0x0000000000100b17                remove_irm_protections
 .text          0x0000000000100c14      0x2f4 binaries/evec.o
                0x0000000000100c14                setirmask
                0x0000000000100c4c                set_evec
                0x0000000000100ca7                initevec
                0x0000000000100d79                trap
 .text          0x0000000000100f08       0x30 binaries/factorial.o
                0x0000000000100f08                factorial
 .text          0x0000000000100f38       0x7f binaries/freebuf.o
                0x0000000000100f38                freebuf
 .text          0x0000000000100fb7      0x108 binaries/freemem.o
                0x0000000000100fb7                freemem
 .text          0x00000000001010bf       0x6e binaries/getbuf.o
                0x00000000001010bf                getbuf
 .text          0x000000000010112d       0x56 binaries/getc.o
                0x000000000010112d                getc
 .text          0x0000000000101183       0x69 binaries/getdev.o
                0x0000000000101183                getdev
 .text          0x00000000001011ec       0x82 binaries/getitem.o
                0x00000000001011ec                getitem
                0x000000000010121b                getfirst
                0x0000000000101242                getlast
 .text          0x000000000010126e       0xc2 binaries/getmem.o
                0x000000000010126e                getmem
 .text          0x0000000000101330        0xa binaries/getpid.o
                0x0000000000101330                getpid
 .text          0x000000000010133a       0x19 binaries/getpname.o
                0x000000000010133a                getpname
 .text          0x0000000000101353       0x1c binaries/getppid.o
                0x0000000000101353                getppid
 .text          0x000000000010136f       0x66 binaries/getprio.o
                0x000000000010136f                getprio
 .text          0x00000000001013d5       0xac binaries/getstk.o
                0x00000000001013d5                getstk
 .text          0x0000000000101481       0x32 binaries/gettime.o
                0x0000000000101481                gettime
 .text          0x00000000001014b3      0x198 binaries/getutime.o
                0x00000000001014b3                getutime
 .text          0x000000000010164b       0x10 binaries/host2netlb.o
                0x000000000010164b                host2netlb
 .text          0x000000000010165b       0x56 binaries/init.o
                0x000000000010165b                init
 .text          0x00000000001016b1      0x26c binaries/initialize.o
                0x00000000001016b1                nulluser
                0x00000000001018d3                stop
                0x00000000001018f7                delay
 .text          0x000000000010191d       0xa1 binaries/insert.o
                0x000000000010191d                insert
 .text          0x00000000001019be       0xf4 binaries/insertd.o
                0x00000000001019be                insertd
 .text          0x0000000000101ab2        0xa binaries/ioerr.o
                0x0000000000101ab2                ioerr
 .text          0x0000000000101abc        0xa binaries/ionull.o
                0x0000000000101abc                ionull
 .text          0x0000000000101ac6      0x19d binaries/kill.o
                0x0000000000101ac6                kill
 .text          0x0000000000101c63       0xa9 binaries/kprintf.o
                0x0000000000101c63                kputc
                0x0000000000101c95                console_init
                0x0000000000101cc8                kgetc
                0x0000000000101cee                kprintf
 .text          0x0000000000101d0c      0x1f7 binaries/main.o
                0x0000000000101d0c                main
 .text          0x0000000000101f03       0x99 binaries/mark.o
                0x0000000000101f03                markinit
                0x0000000000101f24                mark
 .text          0x0000000000101f9c      0x1ff binaries/meminit.o
                0x0000000000101f9c                meminit
                0x000000000010212b                setsegs
 .text          0x000000000010219b      0x122 binaries/mkbufpool.o
                0x000000000010219b                mkbufpool
 .text          0x00000000001022bd       0x99 binaries/myappA.o
                0x00000000001022bd                myappA
 .text          0x0000000000102356       0x1d binaries/myfuncA.o
                0x0000000000102356                myfuncA
 .text          0x0000000000102373       0x93 binaries/myhacker.o
                0x0000000000102373                myhackermalware
                0x000000000010238f                myhacker
 .text          0x0000000000102406       0x8a binaries/myvictim.o
                0x0000000000102406                makevictimsleep
                0x0000000000102431                invokevictimsleep
                0x0000000000102464                myvictim
 .text          0x0000000000102490       0x5f binaries/mywelcomemsg.o
                0x0000000000102490                mywelcomemsg
 .text          0x00000000001024ef       0x63 binaries/newqueue.o
                0x00000000001024ef                newqueue
 .text          0x0000000000102552       0x5c binaries/open.o
                0x0000000000102552                open
 .text          0x00000000001025ae       0x20 binaries/panic.o
                0x00000000001025ae                panic
 .text          0x00000000001025ce      0x282 binaries/pci.o
                0x00000000001025ce                pci_init
                0x00000000001025d8                find_pci_device
                0x0000000000102697                pci_read_config_byte
                0x00000000001026d5                pci_read_config_word
                0x0000000000102715                pci_read_config_dword
                0x0000000000102753                pci_write_config_byte
                0x000000000010278f                pci_write_config_word
                0x00000000001027cc                pci_write_config_dword
                0x0000000000102808                pci_get_dev_mmio_base_addr
 .text          0x0000000000102850       0x50 binaries/platinit.o
                0x0000000000102850                platinit
 .text          0x00000000001028a0       0xa7 binaries/printsegaddr.o
                0x00000000001028a0                printsegaddr
 .text          0x0000000000102947       0xa9 binaries/ptclear.o
                0x0000000000102947                _ptclear
 .text          0x00000000001029f0       0x85 binaries/ptcount.o
                0x00000000001029f0                ptcount
 .text          0x0000000000102a75       0xfe binaries/ptcreate.o
                0x0000000000102a75                ptcreate
 .text          0x0000000000102b73       0x63 binaries/ptdelete.o
                0x0000000000102b73                ptdelete
 .text          0x0000000000102bd6       0x91 binaries/ptinit.o
                0x0000000000102bd6                ptinit
 .text          0x0000000000102c67       0xf5 binaries/ptrecv.o
                0x0000000000102c67                ptrecv
 .text          0x0000000000102d5c       0x66 binaries/ptreset.o
                0x0000000000102d5c                ptreset
 .text          0x0000000000102dc2      0x115 binaries/ptsend.o
                0x0000000000102dc2                ptsend
 .text          0x0000000000102ed7       0x64 binaries/putc.o
                0x0000000000102ed7                putc
 .text          0x0000000000102f3b       0xb3 binaries/quark_irq.o
                0x0000000000102f3b                quark_irq_routing
 .text          0x0000000000102fee      0x19a binaries/quark_pdat.o
                0x0000000000102fee                get_quark_pdat_entry_data_by_id
                0x00000000001030b8                get_quark_pdat_entry_data_by_desc
 .text          0x0000000000103188       0xb9 binaries/queue.o
                0x0000000000103188                enqueue
                0x00000000001031f6                dequeue
 .text          0x0000000000103241       0x5c binaries/read.o
                0x0000000000103241                read
 .text          0x000000000010329d       0x6c binaries/ready.o
                0x000000000010329d                ready
 .text          0x0000000000103309       0x6e binaries/receive.o
                0x0000000000103309                receive
 .text          0x0000000000103377       0x57 binaries/recvclr.o
                0x0000000000103377                recvclr
 .text          0x00000000001033ce       0xc8 binaries/recvtime.o
                0x00000000001033ce                recvtime
 .text          0x0000000000103496      0x150 binaries/resched.o
                0x0000000000103496                resched
                0x0000000000103574                resched_cntl
 .text          0x00000000001035e6       0x90 binaries/resume.o
                0x00000000001035e6                resume
 .text          0x0000000000103676       0x59 binaries/seek.o
                0x0000000000103676                seek
 .text          0x00000000001036cf       0x51 binaries/semcount.o
                0x00000000001036cf                semcount
 .text          0x0000000000103720       0x93 binaries/semcreate.o
                0x0000000000103720                semcreate
 .text          0x00000000001037b3       0xd1 binaries/semdelete.o
                0x00000000001037b3                semdelete
 .text          0x0000000000103884       0xa8 binaries/semreset.o
                0x0000000000103884                semreset
 .text          0x000000000010392c       0xd1 binaries/send.o
                0x000000000010392c                send
 .text          0x00000000001039fd       0x95 binaries/signal.o
                0x00000000001039fd                signal
 .text          0x0000000000103a92       0xc2 binaries/signaln.o
                0x0000000000103a92                signaln
 .text          0x0000000000103b54       0xc9 binaries/sleep.o
                0x0000000000103b54                sleepms
                0x0000000000103be7                sleep
 .text          0x0000000000103c1d       0x9d binaries/stackdepth.o
                0x0000000000103c1d                stackdepth
 .text          0x0000000000103cba      0x1ad binaries/stacktrace.o
                0x0000000000103cba                stacktrace
 .text          0x0000000000103e67       0xd3 binaries/suspend.o
                0x0000000000103e67                suspend
 .text          0x0000000000103f3a       0x27 binaries/teststackdepth.o
                0x0000000000103f3a                teststackdepth
 .text          0x0000000000103f61       0x9a binaries/unsleep.o
                0x0000000000103f61                unsleep
 .text          0x0000000000103ffb       0x19 binaries/userret.o
                0x0000000000103ffb                userret
 .text          0x0000000000104014       0xb9 binaries/wait.o
                0x0000000000104014                wait
 .text          0x00000000001040cd       0x71 binaries/wakeup.o
                0x00000000001040cd                wakeup
 .text          0x000000000010413e       0x5c binaries/write.o
                0x000000000010413e                write
 .text          0x000000000010419a       0x1a binaries/xdone.o
                0x000000000010419a                xdone
 .text          0x00000000001041b4       0x26 binaries/yield.o
                0x00000000001041b4                yield
 .text          0x00000000001041da       0x11 binaries/abs.o
                0x00000000001041da                abs
 .text          0x00000000001041eb       0x84 binaries/atoi.o
                0x00000000001041eb                atoi
 .text          0x000000000010426f       0x84 binaries/atol.o
                0x000000000010426f                atol
 .text          0x00000000001042f3       0x1a binaries/bzero.o
                0x00000000001042f3                bzero
 .text          0x000000000010430d        0x0 binaries/ctype_.o
 .text          0x000000000010430d      0x6bf binaries/doprnt.o
                0x0000000000104460                _doprnt
 .text          0x00000000001049cc      0x5f2 binaries/doscan.o
                0x00000000001049cc                _doscan
 .text          0x0000000000104fbe      0x64e binaries/fdoprnt.o
                0x0000000000105043                _fdoprnt
 .text          0x000000000010560c       0x1c binaries/fgetc.o
                0x000000000010560c                fgetc
 .text          0x0000000000105628       0x61 binaries/fgets.o
                0x0000000000105628                fgets
 .text          0x0000000000105689       0x21 binaries/fprintf.o
                0x0000000000105689                fprintf
 .text          0x00000000001056aa       0x27 binaries/fputc.o
                0x00000000001056aa                fputc
 .text          0x00000000001056d1       0x3a binaries/fputs.o
                0x00000000001056d1                fputs
 .text          0x000000000010570b       0x6a binaries/fscanf.o
                0x0000000000105749                fscanf
 .text          0x0000000000105775       0x26 binaries/getchar.o
                0x0000000000105775                getchar
 .text          0x000000000010579b       0x11 binaries/labs.o
                0x000000000010579b                labs
 .text          0x00000000001057ac       0x36 binaries/memchr.o
                0x00000000001057ac                memchr
 .text          0x00000000001057e2       0x4a binaries/memcmp.o
                0x00000000001057e2                memcmp
 .text          0x000000000010582c       0x26 binaries/memcpy.o
                0x000000000010582c                memcpy
 .text          0x0000000000105852       0x1f binaries/memset.o
                0x0000000000105852                memset
 .text          0x0000000000105871       0x37 binaries/printf.o
                0x0000000000105871                printf
 .text          0x00000000001058a8       0x29 binaries/putchar.o
                0x00000000001058a8                putchar
 .text          0x00000000001058d1      0x1cc binaries/qsort.o
                0x0000000000105a75                qsort
 .text          0x0000000000105a9d       0x4c binaries/rand.o
                0x0000000000105a9d                srand
                0x0000000000105aaa                rand
 .text          0x0000000000105ae9       0x48 binaries/sprintf.o
                0x0000000000105b02                sprintf
 .text          0x0000000000105b31       0x5a binaries/sscanf.o
                0x0000000000105b61                sscanf
 .text          0x0000000000105b8b       0x2f binaries/strchr.o
                0x0000000000105b8b                strchr
 .text          0x0000000000105bba       0x45 binaries/strcmp.o
                0x0000000000105bba                strcmp
 .text          0x0000000000105bff       0x1c binaries/strcpy.o
                0x0000000000105bff                strcpy
 .text          0x0000000000105c1b       0x20 binaries/strlen.o
                0x0000000000105c1b                strlen
 .text          0x0000000000105c3b       0x3d binaries/strncat.o
                0x0000000000105c3b                strncat
 .text          0x0000000000105c78       0x3b binaries/strncmp.o
                0x0000000000105c78                strncmp
 .text          0x0000000000105cb3       0x59 binaries/strncpy.o
                0x0000000000105cb3                strncpy
 .text          0x0000000000105d0c       0x38 binaries/strnlen.o
                0x0000000000105d0c                strnlen
 .text          0x0000000000105d44       0x32 binaries/strrchr.o
                0x0000000000105d44                strrchr
 .text          0x0000000000105d76       0x68 binaries/strstr.o
                0x0000000000105d76                strstr
 .text          0x0000000000105dde      0x112 binaries/ttycontrol.o
                0x0000000000105dde                ttycontrol
 .text          0x0000000000105ef0       0xb0 binaries/ttygetc.o
                0x0000000000105ef0                ttygetc
 .text          0x0000000000105fa0      0x4a3 binaries/ttyhandle_in.o
                0x0000000000106064                ttyhandle_in
 .text          0x0000000000106443      0x178 binaries/ttyhandle_out.o
                0x0000000000106443                ttyhandle_out
 .text          0x00000000001065bb       0x85 binaries/ttyhandler.o
                0x00000000001065bb                ttyhandler
 .text          0x0000000000106640      0x15d binaries/ttyinit.o
                0x0000000000106640                ttyinit
 .text          0x000000000010679d        0xf binaries/ttykickout.o
                0x000000000010679d                ttykickout
 .text          0x00000000001067ac       0xb2 binaries/ttyputc.o
                0x00000000001067ac                ttyputc
 .text          0x000000000010685e       0xff binaries/ttyread.o
                0x000000000010685e                ttyread
 .text          0x000000000010695d       0x4d binaries/ttywrite.o
                0x000000000010695d                ttywrite
 .text          0x00000000001069aa      0x129 binaries/mount.o
                0x00000000001069aa                namlen
                0x00000000001069e6                mount
 .text          0x0000000000106ad3      0x1c4 binaries/naminit.o
                0x0000000000106ad3                naminit
 .text          0x0000000000106c97      0x1fe binaries/nammap.o
                0x0000000000106c97                namrepl
                0x0000000000106dba                namcpy
                0x0000000000106e08                nammap
 .text          0x0000000000106e95       0x44 binaries/namopen.o
                0x0000000000106e95                namopen
 .text          0x0000000000106ed9       0xd4 binaries/colon2mac.o
                0x0000000000106ed9                colon2mac
 .text          0x0000000000106fad       0x7d binaries/ethcontrol.o
                0x0000000000106fad                ethcontrol
 .text          0x000000000010702a      0x17e binaries/ethhandler.o
                0x000000000010702a                ethhandler
 .text          0x00000000001071a8      0x548 binaries/ethinit.o
                0x00000000001071a8                eth_phy_read
                0x00000000001071e8                eth_phy_write
                0x0000000000107229                eth_phy_reset
                0x0000000000107303                ethinit
 .text          0x00000000001076f0      0x107 binaries/ethmcast.o
                0x00000000001076f0                ethmcast_add
                0x000000000010773c                ethmcast_remove
 .text          0x00000000001077f7      0x172 binaries/ethread.o
                0x00000000001077f7                ethread
 .text          0x0000000000107969       0xc1 binaries/ethwrite.o
                0x0000000000107969                ethwrite
 .text          0x0000000000107a2a       0x68 binaries/rdsbufalloc.o
                0x0000000000107a2a                rdsbufalloc
 .text          0x0000000000107a92       0xd6 binaries/rdsclose.o
                0x0000000000107a92                rdsclose
 .text          0x0000000000107b68      0x1df binaries/rdscomm.o
                0x0000000000107b68                rdscomm
 .text          0x0000000000107d47      0x1c4 binaries/rdscontrol.o
                0x0000000000107d47                rdscontrol
 .text          0x0000000000107f0b      0x1f7 binaries/rdsinit.o
                0x0000000000107f0b                rdsinit
 .text          0x0000000000108102      0x199 binaries/rdsopen.o
                0x0000000000108102                rdsopen
 .text          0x000000000010829b      0x2c5 binaries/rdsprocess.o
                0x000000000010829b                rdsprocess
 .text          0x0000000000108560      0x1d8 binaries/rdsread.o
                0x0000000000108560                rdsread
 .text          0x0000000000108738      0x1ae binaries/rdswrite.o
                0x0000000000108738                rdswrite
 .text          0x00000000001088e6        0xa binaries/ramclose.o
                0x00000000001088e6                ramclose
 .text          0x00000000001088f0       0x35 binaries/raminit.o
                0x00000000001088f0                raminit
 .text          0x0000000000108925        0xa binaries/ramopen.o
                0x0000000000108925                ramopen
 .text          0x000000000010892f       0x26 binaries/ramread.o
                0x000000000010892f                ramread
 .text          0x0000000000108955       0x26 binaries/ramwrite.o
                0x0000000000108955                ramwrite
 .text          0x000000000010897b       0x87 binaries/lfdballoc.o
                0x000000000010897b                lfdballoc
 .text          0x0000000000108a02       0x49 binaries/lfdbfree.o
                0x0000000000108a02                lfdbfree
 .text          0x0000000000108a4b       0xa1 binaries/lfflush.o
                0x0000000000108a4b                lfflush
 .text          0x0000000000108aec       0x82 binaries/lfgetmode.o
                0x0000000000108aec                lfgetmode
 .text          0x0000000000108b6e       0x60 binaries/lfiballoc.o
                0x0000000000108b6e                lfiballoc
 .text          0x0000000000108bce       0x27 binaries/lfibclear.o
                0x0000000000108bce                lfibclear
 .text          0x0000000000108bf5       0x6c binaries/lfibget.o
                0x0000000000108bf5                lfibget
 .text          0x0000000000108c61       0x88 binaries/lfibput.o
                0x0000000000108c61                lfibput
 .text          0x0000000000108ce9       0xa4 binaries/lflclose.o
                0x0000000000108ce9                lflclose
 .text          0x0000000000108d8d       0xc2 binaries/lflcontrol.o
                0x0000000000108d8d                lflcontrol
 .text          0x0000000000108e4f       0xfd binaries/lflgetc.o
                0x0000000000108e4f                lflgetc
 .text          0x0000000000108f4c       0xe7 binaries/lflinit.o
                0x0000000000108f4c                lflinit
 .text          0x0000000000109033      0x12f binaries/lflputc.o
                0x0000000000109033                lflputc
 .text          0x0000000000109162       0x6b binaries/lflread.o
                0x0000000000109162                lflread
 .text          0x00000000001091cd       0xbd binaries/lflseek.o
                0x00000000001091cd                lflseek
 .text          0x000000000010928a       0x52 binaries/lflwrite.o
                0x000000000010928a                lflwrite
 .text          0x00000000001092dc      0x114 binaries/lfsckfmt.o
                0x00000000001092dc                lfsckfmt
 .text          0x00000000001093f0      0x1e6 binaries/lfscreate.o
                0x00000000001093f0                lfscreate
 .text          0x00000000001095d6      0x1b1 binaries/lfsetup.o
                0x00000000001095d6                lfsetup
 .text          0x0000000000109787       0x45 binaries/lfsinit.o
                0x0000000000109787                lfsinit
 .text          0x00000000001097cc      0x302 binaries/lfsopen.o
                0x00000000001097cc                lfsopen
 .text          0x0000000000109ace      0x112 binaries/lftruncate.o
                0x0000000000109ace                lftruncate
 .text          0x0000000000109be0       0x69 binaries/rflclose.o
                0x0000000000109be0                rflclose
 .text          0x0000000000109c49       0x29 binaries/rflgetc.o
                0x0000000000109c49                rflgetc
 .text          0x0000000000109c72       0x6c binaries/rflinit.o
                0x0000000000109c72                rflinit
 .text          0x0000000000109cde       0x29 binaries/rflputc.o
                0x0000000000109cde                rflputc
 .text          0x0000000000109d07      0x2b6 binaries/rflread.o
                0x0000000000109d07                rflread
 .text          0x0000000000109fbd       0x68 binaries/rflseek.o
                0x0000000000109fbd                rflseek
 .text          0x000000000010a025      0x2fa binaries/rflwrite.o
                0x000000000010a025                rflwrite
 .text          0x000000000010a31f      0x17d binaries/rfscomm.o
                0x000000000010a31f                rfscomm
 .text          0x000000000010a49c      0x22b binaries/rfscontrol.o
                0x000000000010a49c                rfscontrol
 .text          0x000000000010a6c7       0x82 binaries/rfsgetmode.o
                0x000000000010a6c7                rfsgetmode
 .text          0x000000000010a749       0x7e binaries/rfsinit.o
                0x000000000010a749                rfsinit
 .text          0x000000000010a7c7       0xad binaries/rfsndmsg.o
                0x000000000010a7c7                rfsndmsg
 .text          0x000000000010a874      0x243 binaries/rfsopen.o
                0x000000000010a874                rfsopen
 .text          0x000000000010aab7      0x626 binaries/arp.o
                0x000000000010aab7                arp_init
                0x000000000010aad3                arp_alloc
                0x000000000010ab7a                arp_ntoh
                0x000000000010abe7                arp_hton
                0x000000000010ac54                arp_resolve
                0x000000000010aea5                arp_in
 .text          0x000000000010b0dd      0x5ed binaries/dhcp.o
                0x000000000010b0dd                dhcp_get_opt_val
                0x000000000010b131                dhcp_bld_bootp_msg
                0x000000000010b203                dhcp_bld_disc
                0x000000000010b255                dhcp_bld_req
                0x000000000010b2f0                getlocalip
 .text          0x000000000010b6ca       0xda binaries/dot2ip.o
                0x000000000010b6ca                dot2ip
 .text          0x000000000010b7a4      0x38c binaries/hexdump.o
                0x000000000010b7a4                hexdump
                0x000000000010b8fe                hexadump
 .text          0x000000000010bb30      0x6f6 binaries/icmp.o
                0x000000000010bb30                icmp_init
                0x000000000010bb4c                icmp_register
                0x000000000010bc0a                icmp_recv
                0x000000000010bdad                icmp_mkpkt
                0x000000000010be7a                icmp_in
                0x000000000010c014                icmp_send
                0x000000000010c083                icmp_release
                0x000000000010c19e                icmp_cksum
                0x000000000010c1f8                icmp_hton
                0x000000000010c20f                icmp_ntoh
 .text          0x000000000010c226      0x5e2 binaries/ip.o
                0x000000000010c226                ip_local
                0x000000000010c266                ipcksum
                0x000000000010c2bc                ip_ntoh
                0x000000000010c329                ip_in
                0x000000000010c44e                ip_hton
                0x000000000010c4bb                ip_out
                0x000000000010c571                ip_send
                0x000000000010c67c                ipout
                0x000000000010c76f                ip_enqueue
 .text          0x000000000010c808      0x1b2 binaries/net.o
                0x000000000010c808                net_init
                0x000000000010c8ff                eth_hton
                0x000000000010c90c                eth_ntoh
                0x000000000010c919                netin
 .text          0x000000000010c9ba       0xb9 binaries/netstart.o
                0x000000000010c9ba                netstart
 .text          0x000000000010ca73      0xa30 binaries/pdump.o
                0x000000000010ca73                pdump
                0x000000000010d058                pdumph
 .text          0x000000000010d4a3      0x5b8 binaries/tftp.o
                0x000000000010d4a3                tftp_send1
                0x000000000010d5b7                tftpget_mb
                0x000000000010da38                tftpget
 .text          0x000000000010da5b      0xa17 binaries/udp.o
                0x000000000010da5b                udp_init
                0x000000000010da9c                udp_in
                0x000000000010dbc5                udp_register
                0x000000000010dcd6                udp_recv
                0x000000000010de6f                udp_recvaddr
                0x000000000010e01c                udp_send
                0x000000000010e1ca                udp_sendto
                0x000000000010e333                udp_release
                0x000000000010e444                udp_ntoh
                0x000000000010e45b                udp_hton
 .text          0x000000000010e472      0x11f binaries/addargs.o
                0x000000000010e472                addargs
 .text          0x000000000010e591      0x1db binaries/lexan.o
                0x000000000010e591                lexan
 .text          0x000000000010e76c      0x660 binaries/shell.o
                0x000000000010e76c                shell
 .text          0x000000000010edcc       0x59 binaries/xsh_argecho.o
                0x000000000010edcc                xsh_argecho
 .text          0x000000000010ee25      0x1fb binaries/xsh_arp.o
                0x000000000010ee25                xsh_arp
 .text          0x000000000010f020      0x214 binaries/xsh_cat.o
                0x000000000010f020                xsh_cat
 .text          0x000000000010f234       0x58 binaries/xsh_clear.o
                0x000000000010f234                xsh_clear
 .text          0x000000000010f28c      0x2a8 binaries/xsh_date.o
                0x000000000010f28c                xsh_date
 .text          0x000000000010f534       0x89 binaries/xsh_devdump.o
                0x000000000010f534                xsh_devdump
 .text          0x000000000010f5bd       0x63 binaries/xsh_echo.o
                0x000000000010f5bd                xsh_echo
 .text          0x000000000010f620        0xa binaries/xsh_exit.o
                0x000000000010f620                xsh_exit
 .text          0x000000000010f62a      0x335 binaries/xsh_help.o
                0x000000000010f62a                xsh_help
 .text          0x000000000010f95f      0x38b binaries/xsh_ipaddr.o
                0x000000000010f95f                xsh_ipaddr
 .text          0x000000000010fcea      0x1de binaries/xsh_kill.o
                0x000000000010fcea                xsh_kill
 .text          0x000000000010fec8      0x3f3 binaries/xsh_memdump.o
                0x000000000010ff8e                xsh_memdump
 .text          0x00000000001102bb      0x1de binaries/xsh_memstat.o
                0x00000000001102bb                xsh_memstat
 .text          0x0000000000110499      0x2c7 binaries/xsh_ping.o
                0x0000000000110499                xsh_ping
 .text          0x0000000000110760      0x1ae binaries/xsh_ps.o
                0x0000000000110760                xsh_ps
 .text          0x000000000011090e      0x1d3 binaries/xsh_sleep.o
                0x000000000011090e                xsh_sleep
 .text          0x0000000000110ae1      0x1d5 binaries/xsh_udpdump.o
                0x0000000000110ae1                xsh_udpdump
 .text          0x0000000000110cb6      0x40a binaries/xsh_udpecho.o
                0x0000000000110cb6                xsh_udpecho
 .text          0x00000000001110c0      0x232 binaries/xsh_udpeserver.o
                0x00000000001110c0                xsh_udpeserver
 .text          0x00000000001112f2      0x1c2 binaries/xsh_uptime.o
                0x00000000001112f2                xsh_uptime
 .text          0x00000000001114b4        0xe binaries/clkdisp.o
                0x00000000001114b4                clkdisp
 .text          0x00000000001114c2       0x19 binaries/ctxsw.o
                0x00000000001114c2                ctxsw
 .text          0x00000000001114db        0xa binaries/host2netla.o
                0x00000000001114db                host2netla
 *fill*         0x00000000001114e5        0xb 
 .text          0x00000000001114f0       0x25 binaries/host2netlc.o
                0x00000000001114f0                host2netlc
 .text.unlikely
                0x0000000000111515        0x0 binaries/host2netlc.o
 .text          0x0000000000111515      0x376 binaries/intr.o
                0x0000000000111515                disable
                0x000000000011151e                restore
                0x000000000011152c                enable
                0x000000000011152e                pause
                0x0000000000111535                idle
                0x0000000000111540                halt
                0x0000000000111546                spurious_irq7
                0x000000000011154b                spurious_irq15
                0x000000000011155a                _Xint0
                0x0000000000111565                _Xint1
                0x0000000000111570                _Xint2
                0x000000000011157b                _Xint3
                0x0000000000111586                _Xint4
                0x0000000000111591                _Xint5
                0x000000000011159c                _Xint6
                0x00000000001115a7                _Xint7
                0x00000000001115b2                _Xint8
                0x00000000001115bd                _Xint9
                0x00000000001115c8                _Xint10
                0x00000000001115d3                _Xint11
                0x00000000001115e1                _Xint12
                0x00000000001115ef                _Xint13
                0x00000000001115fd                _Xint14
                0x000000000011160b                _Xint15
                0x0000000000111619                _Xint16
                0x0000000000111627                _Xint17
                0x0000000000111635                _Xint18
                0x0000000000111643                _Xint19
                0x0000000000111651                _Xint20
                0x000000000011165f                _Xint21
                0x000000000011166d                _Xint22
                0x000000000011167b                _Xint23
                0x0000000000111689                _Xint24
                0x0000000000111697                _Xint25
                0x00000000001116a5                _Xint26
                0x00000000001116b3                _Xint27
                0x00000000001116c1                _Xint28
                0x00000000001116cf                _Xint29
                0x00000000001116dd                _Xint30
                0x00000000001116eb                _Xint31
                0x00000000001116f9                _Xint32
                0x0000000000111707                _Xint33
                0x0000000000111715                _Xint34
                0x0000000000111723                _Xint35
                0x0000000000111731                _Xint36
                0x000000000011173f                _Xint37
                0x000000000011174d                _Xint38
                0x000000000011175b                _Xint39
                0x0000000000111769                _Xint40
                0x0000000000111777                _Xint41
                0x0000000000111785                _Xint42
                0x0000000000111793                _Xint43
                0x00000000001117a1                _Xint44
                0x00000000001117af                _Xint45
                0x00000000001117bd                _Xint46
                0x00000000001117cb                defevec
 .text          0x000000000011188b        0xf binaries/ttydispatch.o
                0x000000000011188b                ttydispatch
 .text          0x000000000011189a       0x13 binaries/ethdispatch.o
                0x000000000011189a                ethdispatch
 *(.rodata .rodata.*)
 .rodata.str1.1
                0x00000000001118ad       0x17 binaries/app1.o
 .rodata.str1.1
                0x00000000001118c4        0x5 binaries/app2.o
                                         0x1c (size before relaxing)
 *fill*         0x00000000001118c9        0x3 
 .rodata.str1.4
                0x00000000001118cc       0x2d binaries/app2.o
 *fill*         0x00000000001118f9        0x3 
 .rodata.str1.4
                0x00000000001118fc       0x4a binaries/app3.o
 .rodata.str1.1
                0x0000000000111946       0x29 binaries/app3.o
 .rodata.str1.1
                0x000000000011196f       0x54 binaries/ascdate.o
 *fill*         0x00000000001119c3        0x1 
 .rodata.str1.4
                0x00000000001119c4       0x22 binaries/ascdate.o
 .rodata.str1.1
                0x00000000001119e6       0x5f binaries/conf.o
 *fill*         0x0000000000111a45        0x3 
 .rodata.str1.4
                0x0000000000111a48       0x4f binaries/early_imr.o
 *fill*         0x0000000000111a97        0x1 
 .rodata        0x0000000000111a98       0x33 binaries/early_imr.o
 .rodata.str1.1
                0x0000000000111acb      0x20c binaries/evec.o
 *fill*         0x0000000000111cd7        0x1 
 .rodata.str1.4
                0x0000000000111cd8       0x23 binaries/evec.o
 .rodata.str1.1
                0x0000000000111cfb        0xb binaries/getutime.o
 *fill*         0x0000000000111d06        0x2 
 .rodata.str1.4
                0x0000000000111d08       0x54 binaries/getutime.o
 .rodata.str1.1
                0x0000000000111d5c       0x6b binaries/initialize.o
                                         0x6f (size before relaxing)
 *fill*         0x0000000000111dc7        0x1 
 .rodata.str1.4
                0x0000000000111dc8       0xd4 binaries/initialize.o
 .rodata        0x0000000000111e9c       0x20 binaries/kill.o
 .rodata.str1.4
                0x0000000000111ebc      0x12d binaries/main.o
 .rodata.str1.1
                0x0000000000111fe9       0x50 binaries/main.o
                                         0x52 (size before relaxing)
 *fill*         0x0000000000112039        0x3 
 .rodata.str1.4
                0x000000000011203c       0x23 binaries/meminit.o
 .rodata.str1.1
                0x000000000011205f       0x1b binaries/meminit.o
 *fill*         0x000000000011207a        0x2 
 .rodata.str1.4
                0x000000000011207c       0xca binaries/myappA.o
 *fill*         0x0000000000112146        0x2 
 .rodata.str1.4
                0x0000000000112148       0x39 binaries/myfuncA.o
 *fill*         0x0000000000112181        0x3 
 .rodata.str1.4
                0x0000000000112184       0xc0 binaries/myhacker.o
 .rodata.str1.1
                0x0000000000112244       0x53 binaries/myvictim.o
 *fill*         0x0000000000112297        0x1 
 .rodata.str1.4
                0x0000000000112298      0x19b binaries/mywelcomemsg.o
 .rodata.str1.1
                0x0000000000112433       0x16 binaries/mywelcomemsg.o
 .rodata.str1.1
                0x0000000000112449        0xf binaries/panic.o
 .rodata.str1.4
                0x0000000000112458       0xe1 binaries/printsegaddr.o
 .rodata.str1.1
                0x0000000000112539       0x1c binaries/ptinit.o
 *fill*         0x0000000000112555        0x3 
 .rodata.str1.4
                0x0000000000112558       0x25 binaries/ptsend.o
 .rodata.str1.1
                0x000000000011257d       0x22 binaries/quark_pdat.o
 *fill*         0x000000000011259f        0x1 
 .rodata.str1.4
                0x00000000001125a0       0x58 binaries/stackdepth.o
 .rodata.str1.1
                0x00000000001125f8       0x1b binaries/stackdepth.o
 *fill*         0x0000000000112613        0x1 
 .rodata.str1.4
                0x0000000000112614       0x63 binaries/stacktrace.o
 .rodata.str1.1
                0x0000000000112677       0x52 binaries/stacktrace.o
 .rodata.str1.1
                0x00000000001126c9       0x1c binaries/teststackdepth.o
 *fill*         0x00000000001126e5        0x3 
 .rodata.str1.4
                0x00000000001126e8       0x27 binaries/xdone.o
 *fill*         0x000000000011270f       0x11 
 .rodata        0x0000000000112720       0x81 binaries/ctype_.o
                0x0000000000112720                _ctype_
 .rodata.str1.1
                0x00000000001127a1       0x29 binaries/doprnt.o
 *fill*         0x00000000001127ca        0x2 
 .rodata        0x00000000001127cc       0xc4 binaries/doprnt.o
 .rodata        0x0000000000112890       0x98 binaries/doscan.o
 .rodata.str1.1
                0x0000000000112928       0x29 binaries/fdoprnt.o
 .rodata        0x0000000000112928       0x84 binaries/fdoprnt.o
 .rodata        0x00000000001129ac       0x20 binaries/ttycontrol.o
 .rodata.str1.4
                0x00000000001129cc       0x4c binaries/naminit.o
 .rodata.str1.1
                0x0000000000112a18       0x32 binaries/naminit.o
                                         0x35 (size before relaxing)
 .rodata.str1.1
                0x0000000000112a4a       0x15 binaries/ethinit.o
 *fill*         0x0000000000112a5f        0x1 
 .rodata.str1.4
                0x0000000000112a60       0x2e binaries/ethinit.o
 *fill*         0x0000000000112a8e        0x2 
 .rodata.str1.4
                0x0000000000112a90       0x2c binaries/rdsbufalloc.o
 .rodata.str1.4
                0x0000000000112abc       0x76 binaries/rdscomm.o
 *fill*         0x0000000000112b32        0x2 
 .rodata.str1.4
                0x0000000000112b34       0x48 binaries/rdscontrol.o
 .rodata.str1.4
                0x0000000000112b7c       0x7e binaries/rdsinit.o
 .rodata.str1.1
                0x0000000000112bfa       0x18 binaries/rdsinit.o
 *fill*         0x0000000000112c12        0x2 
 .rodata.str1.4
                0x0000000000112c14       0x22 binaries/rdsopen.o
 *fill*         0x0000000000112c36        0x2 
 .rodata.str1.4
                0x0000000000112c38       0x4d binaries/rdsprocess.o
 .rodata.str1.1
                0x0000000000112c85        0x9 binaries/raminit.o
 .rodata.str1.1
                0x0000000000112c8e       0x13 binaries/lfdballoc.o
 *fill*         0x0000000000112ca1        0x3 
 .rodata.str1.4
                0x0000000000112ca4       0x23 binaries/lfdballoc.o
 .rodata.str1.1
                0x0000000000112cc7       0x14 binaries/lfiballoc.o
 *fill*         0x0000000000112cdb        0x1 
 .rodata.str1.4
                0x0000000000112cdc       0x23 binaries/lflcontrol.o
 .rodata.str1.1
                0x0000000000112cff       0x64 binaries/lfsckfmt.o
 *fill*         0x0000000000112d63        0x1 
 .rodata.str1.4
                0x0000000000112d64       0x51 binaries/lfsckfmt.o
 *fill*         0x0000000000112db5        0x3 
 .rodata.str1.4
                0x0000000000112db8       0x21 binaries/rflread.o
 .rodata.str1.4
                0x0000000000112dd9       0x21 binaries/rflwrite.o
 *fill*         0x0000000000112dd9        0x3 
 .rodata.str1.4
                0x0000000000112ddc       0x75 binaries/rfscomm.o
 *fill*         0x0000000000112e51        0x3 
 .rodata.str1.4
                0x0000000000112e54       0x23 binaries/rfscontrol.o
 *fill*         0x0000000000112e77        0x1 
 .rodata        0x0000000000112e78       0x18 binaries/rfscontrol.o
 .rodata.str1.1
                0x0000000000112e90       0x10 binaries/rfsinit.o
 .rodata.str1.4
                0x0000000000112e90       0x57 binaries/rfsinit.o
 *fill*         0x0000000000112ee7        0x1 
 .rodata.str1.4
                0x0000000000112ee8       0x2a binaries/rfsndmsg.o
 .rodata.str1.4
                0x0000000000112f12       0x22 binaries/rfsopen.o
 .rodata.str1.1
                0x0000000000112f12       0x19 binaries/arp.o
 *fill*         0x0000000000112f2b        0x1 
 .rodata.str1.4
                0x0000000000112f2c       0x21 binaries/arp.o
 *fill*         0x0000000000112f4d        0x3 
 .rodata.str1.4
                0x0000000000112f50       0xa6 binaries/dhcp.o
 .rodata.str1.1
                0x0000000000112ff6       0x4a binaries/dhcp.o
 .rodata.str1.1
                0x0000000000113040       0x5a binaries/hexdump.o
                                         0x61 (size before relaxing)
 *fill*         0x000000000011309a        0x2 
 .rodata.str1.4
                0x000000000011309c       0x67 binaries/hexdump.o
 *fill*         0x0000000000113103        0x1 
 .rodata.str1.4
                0x0000000000113104       0x29 binaries/icmp.o
 .rodata.str1.1
                0x000000000011312d       0x4e binaries/ip.o
 *fill*         0x000000000011317b        0x1 
 .rodata.str1.4
                0x000000000011317c       0x20 binaries/ip.o
 .rodata.str1.4
                0x000000000011319c       0x28 binaries/net.o
 .rodata.str1.1
                0x00000000001131c4       0x27 binaries/net.o
 *fill*         0x00000000001131eb        0x1 
 .rodata.str1.4
                0x00000000001131ec       0xcf binaries/netstart.o
 .rodata.str1.1
                0x00000000001132bb      0x141 binaries/pdump.o
                                        0x14b (size before relaxing)
 .rodata.str1.4
                0x00000000001133fc      0x126 binaries/pdump.o
 *fill*         0x0000000000113522        0x2 
 .rodata.str1.4
                0x0000000000113524      0x148 binaries/tftp.o
 .rodata.str1.1
                0x000000000011366c        0x6 binaries/tftp.o
                                          0xa (size before relaxing)
 .rodata.str1.1
                0x0000000000113672       0xe3 binaries/shell.o
                                         0xff (size before relaxing)
 *fill*         0x0000000000113755        0x3 
 .rodata.str1.4
                0x0000000000113758      0x1e8 binaries/shell.o
 .rodata        0x0000000000113940       0xfc binaries/shell.o
                0x0000000000113940                cmdtab
 .rodata.str1.1
                0x0000000000113a3c       0x26 binaries/xsh_argecho.o
                                         0x28 (size before relaxing)
 .rodata.str1.1
                0x0000000000113a62       0x70 binaries/xsh_arp.o
                                         0x72 (size before relaxing)
 *fill*         0x0000000000113ad2        0x2 
 .rodata.str1.4
                0x0000000000113ad4       0xb4 binaries/xsh_arp.o
 .rodata.str1.1
                0x0000000000113b88       0x2d binaries/xsh_cat.o
                                         0x4f (size before relaxing)
 *fill*         0x0000000000113bb5        0x3 
 .rodata.str1.4
                0x0000000000113bb8       0x52 binaries/xsh_cat.o
                                         0x79 (size before relaxing)
 .rodata.str1.1
                0x0000000000113c0a       0x15 binaries/xsh_clear.o
 .rodata.str1.1
                0x0000000000113c1f       0x46 binaries/xsh_date.o
                                         0x5f (size before relaxing)
 *fill*         0x0000000000113c65        0x3 
 .rodata.str1.4
                0x0000000000113c68      0x163 binaries/xsh_date.o
 .rodata.str1.1
                0x0000000000113dcb       0x5d binaries/xsh_devdump.o
 .rodata.str1.1
                0x0000000000113e28        0x4 binaries/xsh_echo.o
                                          0x9 (size before relaxing)
 .rodata.str1.1
                0x0000000000113e2c       0x65 binaries/xsh_help.o
                                         0xa3 (size before relaxing)
 *fill*         0x0000000000113e91        0x3 
 .rodata.str1.4
                0x0000000000113e94       0x7c binaries/xsh_help.o
                                         0xc6 (size before relaxing)
 .rodata.str1.1
                0x0000000000113f10       0x9c binaries/xsh_ipaddr.o
                                         0xf8 (size before relaxing)
 .rodata.str1.4
                0x0000000000113fac       0x4d binaries/xsh_ipaddr.o
                                         0x99 (size before relaxing)
 .rodata.str1.1
                0x0000000000113ff9       0x78 binaries/xsh_kill.o
                                         0x97 (size before relaxing)
 *fill*         0x0000000000114071        0x3 
 .rodata.str1.4
                0x0000000000114074       0x4a binaries/xsh_kill.o
                                         0x96 (size before relaxing)
 .rodata.str1.1
                0x00000000001140be       0x84 binaries/xsh_memdump.o
                                         0xa8 (size before relaxing)
 *fill*         0x0000000000114142        0x2 
 .rodata.str1.4
                0x0000000000114144      0x15a binaries/xsh_memdump.o
                                        0x1aa (size before relaxing)
 .rodata.str1.1
                0x000000000011429e       0x40 binaries/xsh_memstat.o
                                         0x79 (size before relaxing)
 *fill*         0x00000000001142de        0x2 
 .rodata.str1.4
                0x00000000001142e0      0x187 binaries/xsh_memstat.o
                                        0x1af (size before relaxing)
 .rodata.str1.1
                0x0000000000114467       0x90 binaries/xsh_ping.o
                                         0xaf (size before relaxing)
 *fill*         0x00000000001144f7        0x1 
 .rodata.str1.4
                0x00000000001144f8       0x77 binaries/xsh_ping.o
                                         0xc6 (size before relaxing)
 .rodata.str1.1
                0x000000000011456f       0x74 binaries/xsh_ps.o
                                         0xd5 (size before relaxing)
 *fill*         0x00000000001145e3        0x1 
 .rodata.str1.4
                0x00000000001145e4       0x80 binaries/xsh_ps.o
                                         0xd0 (size before relaxing)
 *fill*         0x0000000000114664       0x1c 
 .rodata        0x0000000000114680       0x20 binaries/xsh_ps.o
 .rodata.str1.1
                0x00000000001146a0       0x31 binaries/xsh_sleep.o
                                         0x72 (size before relaxing)
 *fill*         0x00000000001146d1        0x3 
 .rodata.str1.4
                0x00000000001146d4       0x2a binaries/xsh_sleep.o
                                         0x7a (size before relaxing)
 .rodata.str1.1
                0x00000000001146fe       0x6b binaries/xsh_udpdump.o
                                         0xd2 (size before relaxing)
 *fill*         0x0000000000114769        0x3 
 .rodata.str1.4
                0x000000000011476c       0x94 binaries/xsh_udpdump.o
                                         0xe4 (size before relaxing)
 .rodata.str1.1
                0x0000000000114800       0xdb binaries/xsh_udpecho.o
                                         0xfa (size before relaxing)
 *fill*         0x00000000001148db        0x1 
 .rodata.str1.4
                0x00000000001148dc       0xc7 binaries/xsh_udpecho.o
                                        0x116 (size before relaxing)
 .rodata.str1.1
                0x00000000001149a3       0x66 binaries/xsh_udpeserver.o
                                         0x8f (size before relaxing)
 *fill*         0x0000000000114a09        0x3 
 .rodata.str1.4
                0x0000000000114a0c       0x29 binaries/xsh_udpeserver.o
                                         0x9f (size before relaxing)
 .rodata.str1.1
                0x0000000000114a35       0x49 binaries/xsh_uptime.o
                                         0x8c (size before relaxing)
 *fill*         0x0000000000114a7e        0x2 
 .rodata.str1.4
                0x0000000000114a80       0x28 binaries/xsh_uptime.o
                                         0x76 (size before relaxing)
                0x0000000000114aa8                etext = ABSOLUTE (.)
                0x0000000000115000                . = ALIGN (0x1000)
 *fill*         0x0000000000114aa8      0x558 

.eh_frame       0x0000000000115000     0x320c
 .eh_frame      0x0000000000115000       0x3c binaries/app1.o
 .eh_frame      0x000000000011503c       0x28 binaries/app2.o
                                         0x40 (size before relaxing)
 .eh_frame      0x0000000000115064       0x24 binaries/app3.o
                                         0x3c (size before relaxing)
 .eh_frame      0x0000000000115088       0x30 binaries/ascdate.o
                                         0x48 (size before relaxing)
 .eh_frame      0x00000000001150b8       0x20 binaries/bufinit.o
                                         0x38 (size before relaxing)
 .eh_frame      0x00000000001150d8       0x2c binaries/chprio.o
                                         0x44 (size before relaxing)
 .eh_frame      0x0000000000115104       0x20 binaries/clkhandler.o
                                         0x38 (size before relaxing)
 .eh_frame      0x0000000000115124       0x20 binaries/clkinit.o
                                         0x38 (size before relaxing)
 .eh_frame      0x0000000000115144       0x28 binaries/close.o
                                         0x40 (size before relaxing)
 .eh_frame      0x000000000011516c       0x28 binaries/control.o
                                         0x40 (size before relaxing)
 .eh_frame      0x0000000000115194       0x30 binaries/create.o
                                         0x48 (size before relaxing)
 .eh_frame      0x00000000001151c4       0x94 binaries/early_imr.o
                                         0xac (size before relaxing)
 .eh_frame      0x0000000000115258       0x94 binaries/evec.o
                                         0xac (size before relaxing)
 .eh_frame      0x00000000001152ec       0x24 binaries/factorial.o
                                         0x3c (size before relaxing)
 .eh_frame      0x0000000000115310       0x2c binaries/freebuf.o
                                         0x44 (size before relaxing)
 .eh_frame      0x000000000011533c       0x2c binaries/freemem.o
                                         0x44 (size before relaxing)
 .eh_frame      0x0000000000115368       0x2c binaries/getbuf.o
                                         0x44 (size before relaxing)
 .eh_frame      0x0000000000115394       0x28 binaries/getc.o
                                         0x40 (size before relaxing)
 .eh_frame      0x00000000001153bc       0x2c binaries/getdev.o
                                         0x44 (size before relaxing)
 .eh_frame      0x00000000001153e8       0x64 binaries/getitem.o
                                         0x7c (size before relaxing)
 .eh_frame      0x000000000011544c       0x28 binaries/getmem.o
                                         0x40 (size before relaxing)
 .eh_frame      0x0000000000115474       0x20 binaries/getpid.o
                                         0x38 (size before relaxing)
 .eh_frame      0x0000000000115494       0x20 binaries/getpname.o
                                         0x38 (size before relaxing)
 .eh_frame      0x00000000001154b4       0x20 binaries/getppid.o
                                         0x38 (size before relaxing)
 .eh_frame      0x00000000001154d4       0x24 binaries/getprio.o
                                         0x3c (size before relaxing)
 .eh_frame      0x00000000001154f8       0x2c binaries/getstk.o
                                         0x44 (size before relaxing)
 .eh_frame      0x0000000000115524       0x20 binaries/gettime.o
                                         0x38 (size before relaxing)
 .eh_frame      0x0000000000115544       0x24 binaries/getutime.o
                                         0x3c (size before relaxing)
 .eh_frame      0x0000000000115568       0x20 binaries/host2netlb.o
                                         0x38 (size before relaxing)
 .eh_frame      0x0000000000115588       0x28 binaries/init.o
                                         0x40 (size before relaxing)
 .eh_frame      0x00000000001155b0       0x68 binaries/initialize.o
                                         0x80 (size before relaxing)
 .eh_frame      0x0000000000115618       0x28 binaries/insert.o
                                         0x40 (size before relaxing)
 .eh_frame      0x0000000000115640       0x2c binaries/insertd.o
                                         0x44 (size before relaxing)
 .eh_frame      0x000000000011566c       0x20 binaries/ioerr.o
                                         0x38 (size before relaxing)
 .eh_frame      0x000000000011568c       0x20 binaries/ionull.o
                                         0x38 (size before relaxing)
 .eh_frame      0x00000000001156ac       0x30 binaries/kill.o
                                         0x48 (size before relaxing)
 .eh_frame      0x00000000001156dc       0x80 binaries/kprintf.o
                                         0x98 (size before relaxing)
 .eh_frame      0x000000000011575c       0x38 binaries/main.o
                                         0x50 (size before relaxing)
 .eh_frame      0x0000000000115794       0x44 binaries/mark.o
                                         0x5c (size before relaxing)
 .eh_frame      0x00000000001157d8       0x50 binaries/meminit.o
                                         0x68 (size before relaxing)
 .eh_frame      0x0000000000115828       0x30 binaries/mkbufpool.o
                                         0x48 (size before relaxing)
 .eh_frame      0x0000000000115858       0x2c binaries/myappA.o
                                         0x44 (size before relaxing)
 .eh_frame      0x0000000000115884       0x20 binaries/myfuncA.o
                                         0x38 (size before relaxing)
 .eh_frame      0x00000000001158a4       0x40 binaries/myhacker.o
                                         0x58 (size before relaxing)
 .eh_frame      0x00000000001158e4       0x60 binaries/myvictim.o
                                         0x78 (size before relaxing)
 .eh_frame      0x0000000000115944       0x20 binaries/mywelcomemsg.o
                                         0x38 (size before relaxing)
 .eh_frame      0x0000000000115964       0x20 binaries/newqueue.o
                                         0x38 (size before relaxing)
 .eh_frame      0x0000000000115984       0x28 binaries/open.o
                                         0x40 (size before relaxing)
 .eh_frame      0x00000000001159ac       0x1c binaries/panic.o
                                         0x34 (size before relaxing)
 .eh_frame      0x00000000001159c8      0x12c binaries/pci.o
                                        0x144 (size before relaxing)
 .eh_frame      0x0000000000115af4       0x20 binaries/platinit.o
                                         0x38 (size before relaxing)
 .eh_frame      0x0000000000115b14       0x20 binaries/printsegaddr.o
                                         0x38 (size before relaxing)
 .eh_frame      0x0000000000115b34       0x2c binaries/ptclear.o
                                         0x44 (size before relaxing)
 .eh_frame      0x0000000000115b60       0x2c binaries/ptcount.o
                                         0x44 (size before relaxing)
 .eh_frame      0x0000000000115b8c       0x2c binaries/ptcreate.o
                                         0x44 (size before relaxing)
 .eh_frame      0x0000000000115bb8       0x28 binaries/ptdelete.o
                                         0x40 (size before relaxing)
 .eh_frame      0x0000000000115be0       0x28 binaries/ptinit.o
                                         0x40 (size before relaxing)
 .eh_frame      0x0000000000115c08       0x2c binaries/ptrecv.o
                                         0x44 (size before relaxing)
 .eh_frame      0x0000000000115c34       0x28 binaries/ptreset.o
                                         0x40 (size before relaxing)
 .eh_frame      0x0000000000115c5c       0x30 binaries/ptsend.o
                                         0x48 (size before relaxing)
 .eh_frame      0x0000000000115c8c       0x2c binaries/putc.o
                                         0x44 (size before relaxing)
 .eh_frame      0x0000000000115cb8       0x24 binaries/quark_irq.o
                                         0x3c (size before relaxing)
 .eh_frame      0x0000000000115cdc       0x54 binaries/quark_pdat.o
                                         0x6c (size before relaxing)
 .eh_frame      0x0000000000115d30       0x44 binaries/queue.o
                                         0x5c (size before relaxing)
 .eh_frame      0x0000000000115d74       0x28 binaries/read.o
                                         0x40 (size before relaxing)
 .eh_frame      0x0000000000115d9c       0x20 binaries/ready.o
                                         0x38 (size before relaxing)
 .eh_frame      0x0000000000115dbc       0x2c binaries/receive.o
                                         0x44 (size before relaxing)
 .eh_frame      0x0000000000115de8       0x24 binaries/recvclr.o
                                         0x3c (size before relaxing)
 .eh_frame      0x0000000000115e0c       0x2c binaries/recvtime.o
                                         0x44 (size before relaxing)
 .eh_frame      0x0000000000115e38       0x48 binaries/resched.o
                                         0x60 (size before relaxing)
 .eh_frame      0x0000000000115e80       0x2c binaries/resume.o
                                         0x44 (size before relaxing)
 .eh_frame      0x0000000000115eac       0x28 binaries/seek.o
                                         0x40 (size before relaxing)
 .eh_frame      0x0000000000115ed4       0x24 binaries/semcount.o
                                         0x3c (size before relaxing)
 .eh_frame      0x0000000000115ef8       0x2c binaries/semcreate.o
                                         0x44 (size before relaxing)
 .eh_frame      0x0000000000115f24       0x2c binaries/semdelete.o
                                         0x44 (size before relaxing)
 .eh_frame      0x0000000000115f50       0x2c binaries/semreset.o
                                         0x44 (size before relaxing)
 .eh_frame      0x0000000000115f7c       0x28 binaries/send.o
                                         0x40 (size before relaxing)
 .eh_frame      0x0000000000115fa4       0x28 binaries/signal.o
                                         0x40 (size before relaxing)
 .eh_frame      0x0000000000115fcc       0x2c binaries/signaln.o
                                         0x44 (size before relaxing)
 .eh_frame      0x0000000000115ff8       0x48 binaries/sleep.o
                                         0x60 (size before relaxing)
 .eh_frame      0x0000000000116040       0x2c binaries/stackdepth.o
                                         0x44 (size before relaxing)
 .eh_frame      0x000000000011606c       0x30 binaries/stacktrace.o
                                         0x48 (size before relaxing)
 .eh_frame      0x000000000011609c       0x28 binaries/suspend.o
                                         0x40 (size before relaxing)
 .eh_frame      0x00000000001160c4       0x20 binaries/teststackdepth.o
                                         0x38 (size before relaxing)
 .eh_frame      0x00000000001160e4       0x28 binaries/unsleep.o
                                         0x40 (size before relaxing)
 .eh_frame      0x000000000011610c       0x20 binaries/userret.o
                                         0x38 (size before relaxing)
 .eh_frame      0x000000000011612c       0x28 binaries/wait.o
                                         0x40 (size before relaxing)
 .eh_frame      0x0000000000116154       0x20 binaries/wakeup.o
                                         0x38 (size before relaxing)
 .eh_frame      0x0000000000116174       0x28 binaries/write.o
                                         0x40 (size before relaxing)
 .eh_frame      0x000000000011619c       0x20 binaries/xdone.o
                                         0x38 (size before relaxing)
 .eh_frame      0x00000000001161bc       0x24 binaries/yield.o
                                         0x3c (size before relaxing)
 .eh_frame      0x00000000001161e0       0x20 binaries/abs.o
                                         0x38 (size before relaxing)
 .eh_frame      0x0000000000116200       0x28 binaries/atoi.o
                                         0x40 (size before relaxing)
 .eh_frame      0x0000000000116228       0x28 binaries/atol.o
                                         0x40 (size before relaxing)
 .eh_frame      0x0000000000116250       0x20 binaries/bzero.o
                                         0x38 (size before relaxing)
 .eh_frame      0x0000000000116270       0xac binaries/doprnt.o
                                         0xc4 (size before relaxing)
 .eh_frame      0x000000000011631c       0x30 binaries/doscan.o
                                         0x48 (size before relaxing)
 .eh_frame      0x000000000011634c       0x5c binaries/fdoprnt.o
                                         0x74 (size before relaxing)
 .eh_frame      0x00000000001163a8       0x20 binaries/fgetc.o
                                         0x38 (size before relaxing)
 .eh_frame      0x00000000001163c8       0x2c binaries/fgets.o
                                         0x44 (size before relaxing)
 .eh_frame      0x00000000001163f4       0x20 binaries/fprintf.o
                                         0x38 (size before relaxing)
 .eh_frame      0x0000000000116414       0x20 binaries/fputc.o
                                         0x38 (size before relaxing)
 .eh_frame      0x0000000000116434       0x28 binaries/fputs.o
                                         0x40 (size before relaxing)
 .eh_frame      0x000000000011645c       0x64 binaries/fscanf.o
                                         0x7c (size before relaxing)
 .eh_frame      0x00000000001164c0       0x20 binaries/getchar.o
                                         0x38 (size before relaxing)
 .eh_frame      0x00000000001164e0       0x20 binaries/labs.o
                                         0x38 (size before relaxing)
 .eh_frame      0x0000000000116500       0x20 binaries/memchr.o
                                         0x38 (size before relaxing)
 .eh_frame      0x0000000000116520       0x28 binaries/memcmp.o
                                         0x40 (size before relaxing)
 .eh_frame      0x0000000000116548       0x28 binaries/memcpy.o
                                         0x40 (size before relaxing)
 .eh_frame      0x0000000000116570       0x24 binaries/memset.o
                                         0x3c (size before relaxing)
 .eh_frame      0x0000000000116594       0x20 binaries/printf.o
                                         0x38 (size before relaxing)
 .eh_frame      0x00000000001165b4       0x20 binaries/putchar.o
                                         0x38 (size before relaxing)
 .eh_frame      0x00000000001165d4       0xa4 binaries/qsort.o
                                         0xbc (size before relaxing)
 .eh_frame      0x0000000000116678       0x40 binaries/rand.o
                                         0x58 (size before relaxing)
 .eh_frame      0x00000000001166b8       0x48 binaries/sprintf.o
                                         0x60 (size before relaxing)
 .eh_frame      0x0000000000116700       0x60 binaries/sscanf.o
                                         0x78 (size before relaxing)
 .eh_frame      0x0000000000116760       0x24 binaries/strchr.o
                                         0x3c (size before relaxing)
 .eh_frame      0x0000000000116784       0x24 binaries/strcmp.o
                                         0x3c (size before relaxing)
 .eh_frame      0x00000000001167a8       0x20 binaries/strcpy.o
                                         0x38 (size before relaxing)
 .eh_frame      0x00000000001167c8       0x20 binaries/strlen.o
                                         0x38 (size before relaxing)
 .eh_frame      0x00000000001167e8       0x2c binaries/strncat.o
                                         0x44 (size before relaxing)
 .eh_frame      0x0000000000116814       0x24 binaries/strncmp.o
                                         0x3c (size before relaxing)
 .eh_frame      0x0000000000116838       0x2c binaries/strncpy.o
                                         0x44 (size before relaxing)
 .eh_frame      0x0000000000116864       0x24 binaries/strnlen.o
                                         0x3c (size before relaxing)
 .eh_frame      0x0000000000116888       0x24 binaries/strrchr.o
                                         0x3c (size before relaxing)
 .eh_frame      0x00000000001168ac       0x2c binaries/strstr.o
                                         0x44 (size before relaxing)
 .eh_frame      0x00000000001168d8       0x30 binaries/ttycontrol.o
                                         0x48 (size before relaxing)
 .eh_frame      0x0000000000116908       0x2c binaries/ttygetc.o
                                         0x44 (size before relaxing)
 .eh_frame      0x0000000000116934       0x84 binaries/ttyhandle_in.o
                                         0x9c (size before relaxing)
 .eh_frame      0x00000000001169b8       0x30 binaries/ttyhandle_out.o
                                         0x48 (size before relaxing)
 .eh_frame      0x00000000001169e8       0x28 binaries/ttyhandler.o
                                         0x40 (size before relaxing)
 .eh_frame      0x0000000000116a10       0x30 binaries/ttyinit.o
                                         0x48 (size before relaxing)
 .eh_frame      0x0000000000116a40       0x20 binaries/ttykickout.o
                                         0x38 (size before relaxing)
 .eh_frame      0x0000000000116a60       0x2c binaries/ttyputc.o
                                         0x44 (size before relaxing)
 .eh_frame      0x0000000000116a8c       0x2c binaries/ttyread.o
                                         0x44 (size before relaxing)
 .eh_frame      0x0000000000116ab8       0x2c binaries/ttywrite.o
                                         0x44 (size before relaxing)
 .eh_frame      0x0000000000116ae4       0x4c binaries/mount.o
                                         0x64 (size before relaxing)
 .eh_frame      0x0000000000116b30       0x30 binaries/naminit.o
                                         0x48 (size before relaxing)
 .eh_frame      0x0000000000116b60       0x84 binaries/nammap.o
                                         0x9c (size before relaxing)
 .eh_frame      0x0000000000116be4       0x20 binaries/namopen.o
                                         0x38 (size before relaxing)
 .eh_frame      0x0000000000116c04       0x2c binaries/colon2mac.o
                                         0x44 (size before relaxing)
 .eh_frame      0x0000000000116c30       0x20 binaries/ethcontrol.o
                                         0x38 (size before relaxing)
 .eh_frame      0x0000000000116c50       0x30 binaries/ethhandler.o
                                         0x48 (size before relaxing)
 .eh_frame      0x0000000000116c80       0x98 binaries/ethinit.o
                                         0xb0 (size before relaxing)
 .eh_frame      0x0000000000116d18       0x54 binaries/ethmcast.o
                                         0x6c (size before relaxing)
 .eh_frame      0x0000000000116d6c       0x30 binaries/ethread.o
                                         0x48 (size before relaxing)
 .eh_frame      0x0000000000116d9c       0x2c binaries/ethwrite.o
                                         0x44 (size before relaxing)
 .eh_frame      0x0000000000116dc8       0x24 binaries/rdsbufalloc.o
                                         0x3c (size before relaxing)
 .eh_frame      0x0000000000116dec       0x2c binaries/rdsclose.o
                                         0x44 (size before relaxing)
 .eh_frame      0x0000000000116e18       0x30 binaries/rdscomm.o
                                         0x48 (size before relaxing)
 .eh_frame      0x0000000000116e48       0x30 binaries/rdscontrol.o
                                         0x48 (size before relaxing)
 .eh_frame      0x0000000000116e78       0x30 binaries/rdsinit.o
                                         0x48 (size before relaxing)
 .eh_frame      0x0000000000116ea8       0x30 binaries/rdsopen.o
                                         0x48 (size before relaxing)
 .eh_frame      0x0000000000116ed8       0x20 binaries/rdsprocess.o
                                         0x38 (size before relaxing)
 .eh_frame      0x0000000000116ef8       0x30 binaries/rdsread.o
                                         0x48 (size before relaxing)
 .eh_frame      0x0000000000116f28       0x30 binaries/rdswrite.o
                                         0x48 (size before relaxing)
 .eh_frame      0x0000000000116f58       0x20 binaries/ramclose.o
                                         0x38 (size before relaxing)
 .eh_frame      0x0000000000116f78       0x20 binaries/raminit.o
                                         0x38 (size before relaxing)
 .eh_frame      0x0000000000116f98       0x20 binaries/ramopen.o
                                         0x38 (size before relaxing)
 .eh_frame      0x0000000000116fb8       0x20 binaries/ramread.o
                                         0x38 (size before relaxing)
 .eh_frame      0x0000000000116fd8       0x20 binaries/ramwrite.o
                                         0x38 (size before relaxing)
 .eh_frame      0x0000000000116ff8       0x28 binaries/lfdballoc.o
                                         0x40 (size before relaxing)
 .eh_frame      0x0000000000117020       0x24 binaries/lfdbfree.o
                                         0x3c (size before relaxing)
 .eh_frame      0x0000000000117044       0x24 binaries/lfflush.o
                                         0x3c (size before relaxing)
 .eh_frame      0x0000000000117068       0x20 binaries/lfgetmode.o
                                         0x38 (size before relaxing)
 .eh_frame      0x0000000000117088       0x24 binaries/lfiballoc.o
                                         0x3c (size before relaxing)
 .eh_frame      0x00000000001170ac       0x20 binaries/lfibclear.o
                                         0x38 (size before relaxing)
 .eh_frame      0x00000000001170cc       0x2c binaries/lfibget.o
                                         0x44 (size before relaxing)
 .eh_frame      0x00000000001170f8       0x2c binaries/lfibput.o
                                         0x44 (size before relaxing)
 .eh_frame      0x0000000000117124       0x28 binaries/lflclose.o
                                         0x40 (size before relaxing)
 .eh_frame      0x000000000011714c       0x2c binaries/lflcontrol.o
                                         0x44 (size before relaxing)
 .eh_frame      0x0000000000117178       0x2c binaries/lflgetc.o
                                         0x44 (size before relaxing)
[...]
 .comment       0x000000000000002a       0x2b binaries/xsh_kill.o
 .comment       0x000000000000002a       0x2b binaries/xsh_memdump.o
 .comment       0x000000000000002a       0x2b binaries/xsh_memstat.o
 .comment       0x000000000000002a       0x2b binaries/xsh_ping.o
 .comment       0x000000000000002a       0x2b binaries/xsh_ps.o
 .comment       0x000000000000002a       0x2b binaries/xsh_sleep.o
 .comment       0x000000000000002a       0x2b binaries/xsh_udpdump.o
 .comment       0x000000000000002a       0x2b binaries/xsh_udpecho.o
 .comment       0x000000000000002a       0x2b binaries/xsh_udpeserver.o
 .comment       0x000000000000002a       0x2b binaries/xsh_uptime.o
 .comment       0x000000000000002a       0x2b binaries/host2netlc.o

.note.GNU-stack
                0x0000000000000000        0x0
 .note.GNU-stack
                0x0000000000000000        0x0 binaries/app1.o
 .note.GNU-stack
                0x0000000000000000        0x0 binaries/app2.o
 .note.GNU-stack
                0x0000000000000000        0x0 binaries/app3.o
 .note.GNU-stack
                0x0000000000000000        0x0 binaries/ascdate.o
 .note.GNU-stack
                0x0000000000000000        0x0 binaries/bufinit.o
 .note.GNU-stack
                0x0000000000000000        0x0 binaries/chprio.o
 .note.GNU-stack
                0x0000000000000000        0x0 binaries/clkhandler.o
 .note.GNU-stack
                0x0000000000000000        0x0 binaries/clkinit.o
 .note.GNU-stack
                0x0000000000000000        0x0 binaries/close.o
 .note.GNU-stack
                0x0000000000000000        0x0 binaries/conf.o
 .note.GNU-stack
                0x0000000000000000        0x0 binaries/control.o
 .note.GNU-stack
                0x0000000000000000        0x0 binaries/create.o
 .note.GNU-stack
                0x0000000000000000        0x0 binaries/early_imr.o
 .note.GNU-stack
                0x0000000000000000        0x0 binaries/evec.o
 .note.GNU-stack
                0x0000000000000000        0x0 binaries/factorial.o
 .note.GNU-stack
                0x0000000000000000        0x0 binaries/freebuf.o
 .note.GNU-stack
                0x0000000000000000        0x0 binaries/freemem.o
 .note.GNU-stack
                0x0000000000000000        0x0 binaries/getbuf.o
 .note.GNU-stack
                0x0000000000000000        0x0 binaries/getc.o
 .note.GNU-stack
                0x0000000000000000        0x0 binaries/getdev.o
 .note.GNU-stack
                0x0000000000000000        0x0 binaries/getitem.o
 .note.GNU-stack
                0x0000000000000000        0x0 binaries/getmem.o
 .note.GNU-stack
                0x0000000000000000        0x0 binaries/getpid.o
 .note.GNU-stack
                0x0000000000000000        0x0 binaries/getpname.o
 .note.GNU-stack
                0x0000000000000000        0x0 binaries/getppid.o
 .note.GNU-stack
                0x0000000000000000        0x0 binaries/getprio.o
 .note.GNU-stack
                0x0000000000000000        0x0 binaries/getstk.o
 .note.GNU-stack
                0x0000000000000000        0x0 binaries/gettime.o
 .note.GNU-stack
                0x0000000000000000        0x0 binaries/getutime.o
 .note.GNU-stack
                0x0000000000000000        0x0 binaries/host2netlb.o
 .note.GNU-stack
                0x0000000000000000        0x0 binaries/init.o
 .note.GNU-stack
                0x0000000000000000        0x0 binaries/initialize.o
 .note.GNU-stack
                0x0000000000000000        0x0 binaries/insert.o
 .note.GNU-stack
                0x0000000000000000        0x0 binaries/insertd.o
 .note.GNU-stack
                0x0000000000000000        0x0 binaries/ioerr.o
 .note.GNU-stack
                0x0000000000000000        0x0 binaries/ionull.o
 .note.GNU-stack
                0x0000000000000000        0x0 binaries/kill.o
 .note.GNU-stack
                0x0000000000000000        0x0 binaries/kprintf.o
 .note.GNU-stack
                0x0000000000000000        0x0 binaries/main.o
 .note.GNU-stack
                0x0000000000000000        0x0 binaries/mark.o
 .note.GNU-stack
                0x0000000000000000        0x0 binaries/meminit.o
 .note.GNU-stack
                0x0000000000000000        0x0 binaries/mkbufpool.o
 .note.GNU-stack
                0x0000000000000000        0x0 binaries/myappA.o
 .note.GNU-stack
                0x0000000000000000        0x0 binaries/myfuncA.o
 .note.GNU-stack
                0x0000000000000000        0x0 binaries/myhacker.o
 .note.GNU-stack
                0x0000000000000000        0x0 binaries/myvictim.o
 .note.GNU-stack
                0x0000000000000000        0x0 binaries/mywelcomemsg.o
 .note.GNU-stack
                0x0000000000000000        0x0 binaries/newqueue.o
 .note.GNU-stack
                0x0000000000000000        0x0 binaries/open.o
 .note.GNU-stack
                0x0000000000000000        0x0 binaries/panic.o
 .note.GNU-stack
                0x0000000000000000        0x0 binaries/pci.o
 .note.GNU-stack
                0x0000000000000000        0x0 binaries/platinit.o
 .note.GNU-stack
                0x0000000000000000        0x0 binaries/printsegaddr.o
 .note.GNU-stack
                0x0000000000000000        0x0 binaries/ptclear.o
 .note.GNU-stack
                0x0000000000000000        0x0 binaries/ptcount.o
 .note.GNU-stack
                0x0000000000000000        0x0 binaries/ptcreate.o
 .note.GNU-stack
                0x0000000000000000        0x0 binaries/ptdelete.o
 .note.GNU-stack
                0x0000000000000000        0x0 binaries/ptinit.o
 .note.GNU-stack
                0x0000000000000000        0x0 binaries/ptrecv.o
 .note.GNU-stack
                0x0000000000000000        0x0 binaries/ptreset.o
 .note.GNU-stack
                0x0000000000000000        0x0 binaries/ptsend.o
 .note.GNU-stack
                0x0000000000000000        0x0 binaries/putc.o
 .note.GNU-stack
                0x0000000000000000        0x0 binaries/quark_irq.o
 .note.GNU-stack
                0x0000000000000000        0x0 binaries/quark_pdat.o
 .note.GNU-stack
                0x0000000000000000        0x0 binaries/queue.o
 .note.GNU-stack
                0x0000000000000000        0x0 binaries/read.o
 .note.GNU-stack
                0x0000000000000000        0x0 binaries/ready.o
 .note.GNU-stack
                0x0000000000000000        0x0 binaries/receive.o
 .note.GNU-stack
                0x0000000000000000        0x0 binaries/recvclr.o
 .note.GNU-stack
                0x0000000000000000        0x0 binaries/recvtime.o
 .note.GNU-stack
                0x0000000000000000        0x0 binaries/resched.o
 .note.GNU-stack
                0x0000000000000000        0x0 binaries/resume.o
 .note.GNU-stack
                0x0000000000000000        0x0 binaries/seek.o
 .note.GNU-stack
                0x0000000000000000        0x0 binaries/semcount.o
 .note.GNU-stack
                0x0000000000000000        0x0 binaries/semcreate.o
 .note.GNU-stack
                0x0000000000000000        0x0 binaries/semdelete.o
 .note.GNU-stack
                0x0000000000000000        0x0 binaries/semreset.o
 .note.GNU-stack
                0x0000000000000000        0x0 binaries/send.o
 .note.GNU-stack
                0x0000000000000000        0x0 binaries/signal.o
 .note.GNU-stack
                0x0000000000000000        0x0 binaries/signaln.o
 .note.GNU-stack
                0x0000000000000000        0x0 binaries/sleep.o
 .note.GNU-stack
                0x0000000000000000        0x0 binaries/stackdepth.o
 .note.GNU-stack
                0x0000000000000000        0x0 binaries/stacktrace.o
 .note.GNU-stack
                0x0000000000000000        0x0 binaries/suspend.o
 .note.GNU-stack
                0x0000000000000000        0x0 binaries/teststackdepth.o
 .note.GNU-stack
                0x0000000000000000        0x0 binaries/unsleep.o
 .note.GNU-stack
                0x0000000000000000        0x0 binaries/userret.o
 .note.GNU-stack
                0x0000000000000000        0x0 binaries/wait.o
 .note.GNU-stack
                0x0000000000000000        0x0 binaries/wakeup.o
 .note.GNU-stack
                0x0000000000000000        0x0 binaries/write.o
 .note.GNU-stack
                0x0000000000000000        0x0 binaries/xdone.o
 .note.GNU-stack
                0x0000000000000000        0x0 binaries/yield.o
 .note.GNU-stack
                0x0000000000000000        0x0 binaries/abs.o
 .note.GNU-stack
                0x0000000000000000        0x0 binaries/atoi.o
 .note.GNU-stack
                0x0000000000000000        0x0 binaries/atol.o
 .note.GNU-stack
                0x0000000000000000        0x0 binaries/bzero.o
 .note.GNU-stack
                0x0000000000000000        0x0 binaries/ctype_.o
 .note.GNU-stack
                0x0000000000000000        0x0 binaries/doprnt.o
 .note.GNU-stack
                0x0000000000000000        0x0 binaries/doscan.o
 .note.GNU-stack
                0x0000000000000000        0x0 binaries/fdoprnt.o
 .note.GNU-stack
                0x0000000000000000        0x0 binaries/fgetc.o
 .note.GNU-stack
                0x0000000000000000        0x0 binaries/fgets.o
 .note.GNU-stack
                0x0000000000000000        0x0 binaries/fprintf.o
 .note.GNU-stack
                0x0000000000000000        0x0 binaries/fputc.o
 .note.GNU-stack
                0x0000000000000000        0x0 binaries/fputs.o
 .note.GNU-stack
                0x0000000000000000        0x0 binaries/fscanf.o
 .note.GNU-stack
                0x0000000000000000        0x0 binaries/getchar.o
 .note.GNU-stack
                0x0000000000000000        0x0 binaries/labs.o
 .note.GNU-stack
                0x0000000000000000        0x0 binaries/memchr.o
 .note.GNU-stack
                0x0000000000000000        0x0 binaries/memcmp.o
 .note.GNU-stack
                0x0000000000000000        0x0 binaries/memcpy.o
 .note.GNU-stack
                0x0000000000000000        0x0 binaries/memset.o
 .note.GNU-stack
                0x0000000000000000        0x0 binaries/printf.o
 .note.GNU-stack
                0x0000000000000000        0x0 binaries/putchar.o
 .note.GNU-stack
                0x0000000000000000        0x0 binaries/qsort.o
 .note.GNU-stack
                0x0000000000000000        0x0 binaries/rand.o
 .note.GNU-stack
                0x0000000000000000        0x0 binaries/sprintf.o
 .note.GNU-stack
                0x0000000000000000        0x0 binaries/sscanf.o
 .note.GNU-stack
                0x0000000000000000        0x0 binaries/strchr.o
 .note.GNU-stack
                0x0000000000000000        0x0 binaries/strcmp.o
 .note.GNU-stack
                0x0000000000000000        0x0 binaries/strcpy.o
 .note.GNU-stack
                0x0000000000000000        0x0 binaries/strlen.o
 .note.GNU-stack
                0x0000000000000000        0x0 binaries/strncat.o
 .note.GNU-stack
                0x0000000000000000        0x0 binaries/strncmp.o
 .note.GNU-stack
                0x0000000000000000        0x0 binaries/strncpy.o
 .note.GNU-stack
                0x0000000000000000        0x0 binaries/strnlen.o
 .note.GNU-stack
                0x0000000000000000        0x0 binaries/strrchr.o
 .note.GNU-stack
                0x0000000000000000        0x0 binaries/strstr.o
 .note.GNU-stack
                0x0000000000000000        0x0 binaries/ttycontrol.o
 .note.GNU-stack
                0x0000000000000000        0x0 binaries/ttygetc.o
 .note.GNU-stack
                0x0000000000000000        0x0 binaries/ttyhandle_in.o
 .note.GNU-stack
                0x0000000000000000        0x0 binaries/ttyhandle_out.o
 .note.GNU-stack
                0x0000000000000000        0x0 binaries/ttyhandler.o
 .note.GNU-stack
                0x0000000000000000        0x0 binaries/ttyinit.o
 .note.GNU-stack
                0x0000000000000000        0x0 binaries/ttykickout.o
 .note.GNU-stack
                0x0000000000000000        0x0 binaries/ttyputc.o
 .note.GNU-stack
                0x0000000000000000        0x0 binaries/ttyread.o
 .note.GNU-stack
                0x0000000000000000        0x0 binaries/ttywrite.o
 .note.GNU-stack
                0x0000000000000000        0x0 binaries/mount.o
 .note.GNU-stack
                0x0000000000000000        0x0 binaries/naminit.o
 .note.GNU-stack
                0x0000000000000000        0x0 binaries/nammap.o
 .note.GNU-stack
                0x0000000000000000        0x0 binaries/namopen.o
 .note.GNU-stack
                0x0000000000000000        0x0 binaries/colon2mac.o
 .note.GNU-stack
                0x0000000000000000        0x0 binaries/ethcontrol.o
 .note.GNU-stack
                0x0000000000000000        0x0 binaries/ethhandler.o
 .note.GNU-stack
                0x0000000000000000        0x0 binaries/ethinit.o
 .note.GNU-stack
                0x0000000000000000        0x0 binaries/ethmcast.o
 .note.GNU-stack
                0x0000000000000000        0x0 binaries/ethread.o
 .note.GNU-stack
                0x0000000000000000        0x0 binaries/ethwrite.o
 .note.GNU-stack
                0x0000000000000000        0x0 binaries/rdsbufalloc.o
 .note.GNU-stack
                0x0000000000000000        0x0 binaries/rdsclose.o
 .note.GNU-stack
                0x0000000000000000        0x0 binaries/rdscomm.o
 .note.GNU-stack
                0x0000000000000000        0x0 binaries/rdscontrol.o
 .note.GNU-stack
                0x0000000000000000        0x0 binaries/rdsinit.o
 .note.GNU-stack
                0x0000000000000000        0x0 binaries/rdsopen.o
 .note.GNU-stack
                0x0000000000000000        0x0 binaries/rdsprocess.o
 .note.GNU-stack
                0x0000000000000000        0x0 binaries/rdsread.o
 .note.GNU-stack
                0x0000000000000000        0x0 binaries/rdswrite.o
 .note.GNU-stack
                0x0000000000000000        0x0 binaries/ramclose.o
 .note.GNU-stack
                0x0000000000000000        0x0 binaries/raminit.o
 .note.GNU-stack
                0x0000000000000000        0x0 binaries/ramopen.o
 .note.GNU-stack
                0x0000000000000000        0x0 binaries/ramread.o
 .note.GNU-stack
                0x0000000000000000        0x0 binaries/ramwrite.o
 .note.GNU-stack
                0x0000000000000000        0x0 binaries/lfdballoc.o
 .note.GNU-stack
                0x0000000000000000        0x0 binaries/lfdbfree.o
 .note.GNU-stack
                0x0000000000000000        0x0 binaries/lfflush.o
 .note.GNU-stack
                0x0000000000000000        0x0 binaries/lfgetmode.o
 .note.GNU-stack
                0x0000000000000000        0x0 binaries/lfiballoc.o
 .note.GNU-stack
                0x0000000000000000        0x0 binaries/lfibclear.o
 .note.GNU-stack
                0x0000000000000000        0x0 binaries/lfibget.o
 .note.GNU-stack
                0x0000000000000000        0x0 binaries/lfibput.o
 .note.GNU-stack
                0x0000000000000000        0x0 binaries/lflclose.o
 .note.GNU-stack
                0x0000000000000000        0x0 binaries/lflcontrol.o
 .note.GNU-stack
                0x0000000000000000        0x0 binaries/lflgetc.o
 .note.GNU-stack
                0x0000000000000000        0x0 binaries/lflinit.o
 .note.GNU-stack
                0x0000000000000000        0x0 binaries/lflputc.o
 .note.GNU-stack
                0x0000000000000000        0x0 binaries/lflread.o
 .note.GNU-stack
                0x0000000000000000        0x0 binaries/lflseek.o
 .note.GNU-stack
                0x0000000000000000        0x0 binaries/lflwrite.o
 .note.GNU-stack
                0x0000000000000000        0x0 binaries/lfsckfmt.o
 .note.GNU-stack
                0x0000000000000000        0x0 binaries/lfscreate.o
 .note.GNU-stack
                0x0000000000000000        0x0 binaries/lfsetup.o
 .note.GNU-stack
                0x0000000000000000        0x0 binaries/lfsinit.o
 .note.GNU-stack
                0x0000000000000000        0x0 binaries/lfsopen.o
 .note.GNU-stack
                0x0000000000000000        0x0 binaries/lftruncate.o
 .note.GNU-stack
                0x0000000000000000        0x0 binaries/rflclose.o
 .note.GNU-stack
                0x0000000000000000        0x0 binaries/rflgetc.o
 .note.GNU-stack
                0x0000000000000000        0x0 binaries/rflinit.o
 .note.GNU-stack
                0x0000000000000000        0x0 binaries/rflputc.o
 .note.GNU-stack
                0x0000000000000000        0x0 binaries/rflread.o
 .note.GNU-stack
                0x0000000000000000        0x0 binaries/rflseek.o
 .note.GNU-stack
                0x0000000000000000        0x0 binaries/rflwrite.o
 .note.GNU-stack
                0x0000000000000000        0x0 binaries/rfscomm.o
 .note.GNU-stack
                0x0000000000000000        0x0 binaries/rfscontrol.o
 .note.GNU-stack
                0x0000000000000000        0x0 binaries/rfsgetmode.o
 .note.GNU-stack
                0x0000000000000000        0x0 binaries/rfsinit.o
 .note.GNU-stack
                0x0000000000000000        0x0 binaries/rfsndmsg.o
 .note.GNU-stack
                0x0000000000000000        0x0 binaries/rfsopen.o
 .note.GNU-stack
                0x0000000000000000        0x0 binaries/arp.o
 .note.GNU-stack
                0x0000000000000000        0x0 binaries/dhcp.o
 .note.GNU-stack
                0x0000000000000000        0x0 binaries/dot2ip.o
 .note.GNU-stack
                0x0000000000000000        0x0 binaries/hexdump.o
 .note.GNU-stack
                0x0000000000000000        0x0 binaries/icmp.o
 .note.GNU-stack
                0x0000000000000000        0x0 binaries/ip.o
 .note.GNU-stack
                0x0000000000000000        0x0 binaries/net.o
 .note.GNU-stack
                0x0000000000000000        0x0 binaries/netstart.o
 .note.GNU-stack
                0x0000000000000000        0x0 binaries/pdump.o
 .note.GNU-stack
                0x0000000000000000        0x0 binaries/tftp.o
 .note.GNU-stack
                0x0000000000000000        0x0 binaries/udp.o
 .note.GNU-stack
                0x0000000000000000        0x0 binaries/addargs.o
 .note.GNU-stack
                0x0000000000000000        0x0 binaries/lexan.o
 .note.GNU-stack
                0x0000000000000000        0x0 binaries/shell.o
 .note.GNU-stack
                0x0000000000000000        0x0 binaries/xsh_argecho.o
 .note.GNU-stack
                0x0000000000000000        0x0 binaries/xsh_arp.o
 .note.GNU-stack
                0x0000000000000000        0x0 binaries/xsh_cat.o
 .note.GNU-stack
                0x0000000000000000        0x0 binaries/xsh_clear.o
 .note.GNU-stack
                0x0000000000000000        0x0 binaries/xsh_date.o
 .note.GNU-stack
                0x0000000000000000        0x0 binaries/xsh_devdump.o
 .note.GNU-stack
                0x0000000000000000        0x0 binaries/xsh_echo.o
 .note.GNU-stack
                0x0000000000000000        0x0 binaries/xsh_exit.o
 .note.GNU-stack
                0x0000000000000000        0x0 binaries/xsh_help.o
 .note.GNU-stack
                0x0000000000000000        0x0 binaries/xsh_ipaddr.o
 .note.GNU-stack
                0x0000000000000000        0x0 binaries/xsh_kill.o
 .note.GNU-stack
                0x0000000000000000        0x0 binaries/xsh_memdump.o
 .note.GNU-stack
                0x0000000000000000        0x0 binaries/xsh_memstat.o
 .note.GNU-stack
                0x0000000000000000        0x0 binaries/xsh_ping.o
 .note.GNU-stack
                0x0000000000000000        0x0 binaries/xsh_ps.o
 .note.GNU-stack
                0x0000000000000000        0x0 binaries/xsh_sleep.o
 .note.GNU-stack
                0x0000000000000000        0x0 binaries/xsh_udpdump.o
 .note.GNU-stack
                0x0000000000000000        0x0 binaries/xsh_udpecho.o
 .note.GNU-stack
                0x0000000000000000        0x0 binaries/xsh_udpeserver.o
 .note.GNU-stack
                0x0000000000000000        0x0 binaries/xsh_uptime.o
 .note.GNU-stack
                0x0000000000000000        0x0 binaries/host2netlc.o
