
Allocating common symbols
Common symbol       size              file

netbufpool          0x4               binaries/net.o
readylist           0x2               binaries/ready.o
rfltab              0x5a0             binaries/rflinit.o
sleepq              0x2               binaries/clkinit.o
nnames              0x4               binaries/naminit.o
udptab              0x168             binaries/udp.o
minheap             0x4               binaries/meminit.o
marks               0x50              binaries/mark.o
currpid             0x4               binaries/initialize.o
Lf_data             0x20c             binaries/lfsinit.o
porttab             0x2d0             binaries/ptinit.o
girmask             0x2               binaries/evec.o
ttytab              0x10c             binaries/ttyinit.o
proctab             0x15e0            binaries/initialize.o
prcount             0x4               binaries/initialize.o
lfltab              0xf00             binaries/lflinit.o
rdstab              0x8c              binaries/rdsinit.o
ethertab            0x138             binaries/ethinit.o
NetData             0xa8              binaries/net.o
nmarks              0x4               binaries/mark.o
Defer               0x8               binaries/resched.o
semtab              0x4b0             binaries/initialize.o
maxheap             0x4               binaries/meminit.o
preempt             0x4               binaries/clkinit.o
buftab              0xf0              binaries/bufinit.o
Rf_data             0x18              binaries/rfsinit.o
mkmutex             0x4               binaries/mark.o
clktime             0x4               binaries/clkinit.o
arpcache            0x140             binaries/arp.o
icmptab             0x230             binaries/icmp.o
nbpools             0x4               binaries/bufinit.o
queuetab            0x980             binaries/queue.o
ptnextid            0x4               binaries/ptinit.o
Ram                 0x19000           binaries/raminit.o
ipoqueue            0x2c              binaries/ip.o
memlist             0x8               binaries/initialize.o
nametab             0x19a0            binaries/naminit.o
ptfree              0x4               binaries/ptinit.o

Memory Configuration

Name             Origin             Length             Attributes
*default*        0x0000000000000000 0xffffffffffffffff

Linker script and memory map

                0x0000000000100000                physbase = 0x100000
                0x0000000000100000                . = physbase
                0x0000000000100000                . = ALIGN (0x1000)

.text           0x0000000000100000    0x14000
                0x0000000000100000                text = ABSOLUTE (.)
 *(.text .text.*)
 .text          0x0000000000100000      0x1ac binaries/start.o
                0x0000000000100028                start
                0x00000000001000fa                inb
                0x0000000000100102                inw
                0x000000000010010b                inl
                0x0000000000100113                outb
                0x000000000010011d                outw
                0x0000000000100128                outl
                0x0000000000100132                _rtcin
                0x000000000010013d                ___udivsi3
                0x0000000000100148                ___divsi3
                0x0000000000100154                sbzero
                0x0000000000100164                bcopy
                0x0000000000100178                insw
                0x000000000010018e                outsw
                0x00000000001001a4                lidt
 .text          0x00000000001001ac       0x32 binaries/app1.o
                0x00000000001001ac                app1
 .text          0x00000000001001de       0x8e binaries/app2.o
                0x00000000001001de                app2
 .text          0x000000000010026c       0x64 binaries/app3.o
                0x000000000010026c                app3
 .text          0x00000000001002d0      0x2d8 binaries/ascdate.o
                0x00000000001002d0                ascdate
 .text          0x00000000001005a8       0x10 binaries/bufinit.o
                0x00000000001005a8                bufinit
 .text          0x00000000001005b8       0x6c binaries/chprio.o
                0x00000000001005b8                chprio
 .text          0x0000000000100624       0x73 binaries/clkhandler.o
                0x0000000000100624                clkhandler
 .text          0x0000000000100697       0x59 binaries/clkinit.o
                0x0000000000100697                clkinit
 .text          0x00000000001006f0       0x56 binaries/close.o
                0x00000000001006f0                close
 .text          0x0000000000100746        0x0 binaries/conf.o
 .text          0x0000000000100746       0x5f binaries/control.o
                0x0000000000100746                control
 .text          0x00000000001007a5      0x269 binaries/create.o
                0x00000000001007a5                create
 .text          0x0000000000100a0e      0x205 binaries/early_imr.o
                0x0000000000100a0e                intel_cln_early_sb_read_reg
                0x0000000000100a66                intel_cln_early_sb_write_reg
                0x0000000000100b15                remove_irm_protections
 .text          0x0000000000100c13      0x2e6 binaries/evec.o
                0x0000000000100c13                setirmask
                0x0000000000100c47                set_evec
                0x0000000000100ca3                initevec
                0x0000000000100d72                trap
 .text          0x0000000000100ef9       0x78 binaries/freebuf.o
                0x0000000000100ef9                freebuf
 .text          0x0000000000100f71      0x106 binaries/freemem.o
                0x0000000000100f71                freemem
 .text          0x0000000000101077       0x65 binaries/getbuf.o
                0x0000000000101077                getbuf
 .text          0x00000000001010dc       0x56 binaries/getc.o
                0x00000000001010dc                getc
 .text          0x0000000000101132       0x63 binaries/getdev.o
                0x0000000000101132                getdev
 .text          0x0000000000101195       0x77 binaries/getitem.o
                0x0000000000101195                getitem
                0x00000000001011c1                getfirst
                0x00000000001011e4                getlast
 .text          0x000000000010120c       0xc2 binaries/getmem.o
                0x000000000010120c                getmem
 .text          0x00000000001012ce        0x6 binaries/getpid.o
                0x00000000001012ce                getpid
 .text          0x00000000001012d4       0x18 binaries/getppid.o
                0x00000000001012d4                getppid
 .text          0x00000000001012ec       0x16 binaries/getpname.o
                0x00000000001012ec                getpname
 .text          0x0000000000101302       0x64 binaries/getprio.o
                0x0000000000101302                getprio
 .text          0x0000000000101366       0xa6 binaries/getstk.o
                0x0000000000101366                getstk
 .text          0x000000000010140c       0x34 binaries/gettime.o
                0x000000000010140c                gettime
 .text          0x0000000000101440      0x19d binaries/getutime.o
                0x0000000000101440                getutime
 .text          0x00000000001015dd       0x56 binaries/init.o
                0x00000000001015dd                init
 .text          0x0000000000101633      0x263 binaries/initialize.o
                0x0000000000101633                nulluser
                0x0000000000101851                stop
                0x0000000000101873                delay
 .text          0x0000000000101896       0xa0 binaries/insert.o
                0x0000000000101896                insert
 .text          0x0000000000101936       0xe9 binaries/insertd.o
                0x0000000000101936                insertd
 .text          0x0000000000101a1f        0x6 binaries/ioerr.o
                0x0000000000101a1f                ioerr
 .text          0x0000000000101a25        0x6 binaries/ionull.o
                0x0000000000101a25                ionull
 .text          0x0000000000101a2b      0x194 binaries/kill.o
                0x0000000000101a2b                kill
 .text          0x0000000000101bbf       0xa5 binaries/kprintf.o
                0x0000000000101bbf                kputc
                0x0000000000101bee                console_init
                0x0000000000101c20                kgetc
                0x0000000000101c42                kprintf
 .text          0x0000000000101c64       0x95 binaries/main.o
                0x0000000000101c64                main
 .text          0x0000000000101cf9       0x93 binaries/mark.o
                0x0000000000101cf9                markinit
                0x0000000000101d16                mark
 .text          0x0000000000101d8c      0x1f1 binaries/meminit.o
                0x0000000000101d8c                meminit
                0x0000000000101f11                setsegs
 .text          0x0000000000101f7d      0x12a binaries/mkbufpool.o
                0x0000000000101f7d                mkbufpool
 .text          0x00000000001020a7       0x5e binaries/mywelcomemsg.o
                0x00000000001020a7                mywelcomemsg
 .text          0x0000000000102105       0x5e binaries/newqueue.o
                0x0000000000102105                newqueue
 .text          0x0000000000102163       0x5e binaries/open.o
                0x0000000000102163                open
 .text          0x00000000001021c1       0x1e binaries/panic.o
                0x00000000001021c1                panic
 .text          0x00000000001021df      0x27c binaries/pci.o
                0x00000000001021df                pci_init
                0x00000000001021e5                find_pci_device
                0x00000000001022a3                pci_read_config_byte
                0x00000000001022e0                pci_read_config_word
                0x000000000010231f                pci_read_config_dword
                0x000000000010235c                pci_write_config_byte
                0x0000000000102397                pci_write_config_word
                0x00000000001023d3                pci_write_config_dword
                0x000000000010240e                pci_get_dev_mmio_base_addr
 .text          0x000000000010245b       0x4f binaries/platinit.o
                0x000000000010245b                platinit
 .text          0x00000000001024aa       0xa3 binaries/ptclear.o
                0x00000000001024aa                _ptclear
 .text          0x000000000010254d       0x7c binaries/ptcount.o
                0x000000000010254d                ptcount
 .text          0x00000000001025c9      0x101 binaries/ptcreate.o
                0x00000000001025c9                ptcreate
 .text          0x00000000001026ca       0x64 binaries/ptdelete.o
                0x00000000001026ca                ptdelete
 .text          0x000000000010272e       0x8e binaries/ptinit.o
                0x000000000010272e                ptinit
 .text          0x00000000001027bc       0xec binaries/ptrecv.o
                0x00000000001027bc                ptrecv
 .text          0x00000000001028a8       0x67 binaries/ptreset.o
                0x00000000001028a8                ptreset
 .text          0x000000000010290f      0x10d binaries/ptsend.o
                0x000000000010290f                ptsend
 .text          0x0000000000102a1c       0x5c binaries/putc.o
                0x0000000000102a1c                putc
 .text          0x0000000000102a78       0xb6 binaries/quark_irq.o
                0x0000000000102a78                quark_irq_routing
 .text          0x0000000000102b2e      0x19d binaries/quark_pdat.o
                0x0000000000102b2e                get_quark_pdat_entry_data_by_id
                0x0000000000102bfb                get_quark_pdat_entry_data_by_desc
 .text          0x0000000000102ccb       0xb7 binaries/queue.o
                0x0000000000102ccb                enqueue
                0x0000000000102d37                dequeue
 .text          0x0000000000102d82       0x5e binaries/read.o
                0x0000000000102d82                read
 .text          0x0000000000102de0       0x6c binaries/ready.o
                0x0000000000102de0                ready
 .text          0x0000000000102e4c       0x67 binaries/receive.o
                0x0000000000102e4c                receive
 .text          0x0000000000102eb3       0x54 binaries/recvclr.o
                0x0000000000102eb3                recvclr
 .text          0x0000000000102f07       0xc2 binaries/recvtime.o
                0x0000000000102f07                recvtime
 .text          0x0000000000102fc9      0x150 binaries/resched.o
                0x0000000000102fc9                resched
                0x00000000001030a6                resched_cntl
 .text          0x0000000000103119       0x87 binaries/resume.o
                0x0000000000103119                resume
 .text          0x00000000001031a0       0x5a binaries/seek.o
                0x00000000001031a0                seek
 .text          0x00000000001031fa       0x4f binaries/semcount.o
                0x00000000001031fa                semcount
 .text          0x0000000000103249       0x8a binaries/semcreate.o
                0x0000000000103249                semcreate
 .text          0x00000000001032d3       0xc8 binaries/semdelete.o
                0x00000000001032d3                semdelete
 .text          0x000000000010339b       0xa7 binaries/semreset.o
                0x000000000010339b                semreset
 .text          0x0000000000103442       0xd2 binaries/send.o
                0x0000000000103442                send
 .text          0x0000000000103514       0x95 binaries/signal.o
                0x0000000000103514                signal
 .text          0x00000000001035a9       0xba binaries/signaln.o
                0x00000000001035a9                signaln
 .text          0x0000000000103663       0xc9 binaries/sleep.o
                0x0000000000103663                sleepms
                0x00000000001036f6                sleep
 .text          0x000000000010372c      0x1aa binaries/stacktrace.o
                0x000000000010372c                stacktrace
 .text          0x00000000001038d6       0xd3 binaries/suspend.o
                0x00000000001038d6                suspend
 .text          0x00000000001039a9       0x9a binaries/unsleep.o
                0x00000000001039a9                unsleep
 .text          0x0000000000103a43       0x15 binaries/userret.o
                0x0000000000103a43                userret
 .text          0x0000000000103a58       0xb9 binaries/wait.o
                0x0000000000103a58                wait
 .text          0x0000000000103b11       0x6d binaries/wakeup.o
                0x0000000000103b11                wakeup
 .text          0x0000000000103b7e       0x5e binaries/write.o
                0x0000000000103b7e                write
 .text          0x0000000000103bdc       0x16 binaries/xdone.o
                0x0000000000103bdc                xdone
 .text          0x0000000000103bf2       0x23 binaries/yield.o
                0x0000000000103bf2                yield
 .text          0x0000000000103c15        0xe binaries/abs.o
                0x0000000000103c15                abs
 .text          0x0000000000103c23       0x81 binaries/atoi.o
                0x0000000000103c23                atoi
 .text          0x0000000000103ca4       0x81 binaries/atol.o
                0x0000000000103ca4                atol
 .text          0x0000000000103d25       0x18 binaries/bzero.o
                0x0000000000103d25                bzero
 .text          0x0000000000103d3d        0x0 binaries/ctype_.o
 .text          0x0000000000103d3d      0x6e4 binaries/doprnt.o
                0x0000000000103e91                _doprnt
 .text          0x0000000000104421      0x69b binaries/doscan.o
                0x0000000000104421                _doscan
 .text          0x0000000000104abc      0x723 binaries/fdoprnt.o
                0x0000000000104b40                _fdoprnt
 .text          0x00000000001051df       0x1c binaries/fgetc.o
                0x00000000001051df                fgetc
 .text          0x00000000001051fb       0x62 binaries/fgets.o
                0x00000000001051fb                fgets
 .text          0x000000000010525d       0x23 binaries/fprintf.o
                0x000000000010525d                fprintf
 .text          0x0000000000105280       0x29 binaries/fputc.o
                0x0000000000105280                fputc
 .text          0x00000000001052a9       0x3b binaries/fputs.o
                0x00000000001052a9                fputs
 .text          0x00000000001052e4       0x6a binaries/fscanf.o
                0x000000000010531e                fscanf
 .text          0x000000000010534e       0x25 binaries/getchar.o
                0x000000000010534e                getchar
 .text          0x0000000000105373        0xe binaries/labs.o
                0x0000000000105373                labs
 .text          0x0000000000105381       0x32 binaries/memchr.o
                0x0000000000105381                memchr
 .text          0x00000000001053b3       0x49 binaries/memcmp.o
                0x00000000001053b3                memcmp
 .text          0x00000000001053fc       0x25 binaries/memcpy.o
                0x00000000001053fc                memcpy
 .text          0x0000000000105421       0x1e binaries/memset.o
                0x0000000000105421                memset
 .text          0x000000000010543f       0x38 binaries/printf.o
                0x000000000010543f                printf
 .text          0x0000000000105477       0x29 binaries/putchar.o
                0x0000000000105477                putchar
 .text          0x00000000001054a0      0x1c8 binaries/qsort.o
                0x000000000010563d                qsort
 .text          0x0000000000105668       0x45 binaries/rand.o
                0x0000000000105668                srand
                0x0000000000105672                rand
 .text          0x00000000001056ad       0x49 binaries/sprintf.o
                0x00000000001056c4                sprintf
 .text          0x00000000001056f6       0x57 binaries/sscanf.o
                0x000000000010571f                sscanf
 .text          0x000000000010574d       0x2d binaries/strchr.o
                0x000000000010574d                strchr
 .text          0x000000000010577a       0x43 binaries/strcmp.o
                0x000000000010577a                strcmp
 .text          0x00000000001057bd       0x1a binaries/strcpy.o
                0x00000000001057bd                strcpy
 .text          0x00000000001057d7       0x1c binaries/strlen.o
                0x00000000001057d7                strlen
 .text          0x00000000001057f3       0x3c binaries/strncat.o
                0x00000000001057f3                strncat
 .text          0x000000000010582f       0x3a binaries/strncmp.o
                0x000000000010582f                strncmp
 .text          0x0000000000105869       0x58 binaries/strncpy.o
                0x0000000000105869                strncpy
 .text          0x00000000001058c1       0x36 binaries/strnlen.o
                0x00000000001058c1                strnlen
 .text          0x00000000001058f7       0x30 binaries/strrchr.o
                0x00000000001058f7                strrchr
 .text          0x0000000000105927       0x66 binaries/strstr.o
                0x0000000000105927                strstr
 .text          0x000000000010598d      0x10a binaries/ttycontrol.o
                0x000000000010598d                ttycontrol
 .text          0x0000000000105a97       0xaa binaries/ttygetc.o
                0x0000000000105a97                ttygetc
 .text          0x0000000000105b41      0x477 binaries/ttyhandle_in.o
                0x0000000000105bf7                ttyhandle_in
 .text          0x0000000000105fb8      0x16e binaries/ttyhandle_out.o
                0x0000000000105fb8                ttyhandle_out
 .text          0x0000000000106126       0x84 binaries/ttyhandler.o
                0x0000000000106126                ttyhandler
 .text          0x00000000001061aa      0x157 binaries/ttyinit.o
                0x00000000001061aa                ttyinit
 .text          0x0000000000106301        0xc binaries/ttykickout.o
                0x0000000000106301                ttykickout
 .text          0x000000000010630d       0xac binaries/ttyputc.o
                0x000000000010630d                ttyputc
 .text          0x00000000001063b9       0xf3 binaries/ttyread.o
                0x00000000001063b9                ttyread
 .text          0x00000000001064ac       0x46 binaries/ttywrite.o
                0x00000000001064ac                ttywrite
 .text          0x00000000001064f2      0x125 binaries/mount.o
                0x00000000001064f2                namlen
                0x000000000010652a                mount
 .text          0x0000000000106617      0x196 binaries/naminit.o
                0x0000000000106617                naminit
 .text          0x00000000001067ad      0x1ff binaries/nammap.o
                0x00000000001067ad                namrepl
                0x00000000001068ce                namcpy
                0x000000000010691b                nammap
 .text          0x00000000001069ac       0x4e binaries/namopen.o
                0x00000000001069ac                namopen
 .text          0x00000000001069fa       0xce binaries/colon2mac.o
                0x00000000001069fa                colon2mac
 .text          0x0000000000106ac8       0x81 binaries/ethcontrol.o
                0x0000000000106ac8                ethcontrol
 .text          0x0000000000106b49      0x172 binaries/ethhandler.o
                0x0000000000106b49                ethhandler
 .text          0x0000000000106cbb      0x52e binaries/ethinit.o
                0x0000000000106cbb                eth_phy_read
                0x0000000000106cf8                eth_phy_write
                0x0000000000106d38                eth_phy_reset
                0x0000000000106e12                ethinit
 .text          0x00000000001071e9       0xff binaries/ethmcast.o
                0x00000000001071e9                ethmcast_add
                0x0000000000107236                ethmcast_remove
 .text          0x00000000001072e8      0x174 binaries/ethread.o
                0x00000000001072e8                ethread
 .text          0x000000000010745c       0xbd binaries/ethwrite.o
                0x000000000010745c                ethwrite
 .text          0x0000000000107519       0x66 binaries/rdsbufalloc.o
                0x0000000000107519                rdsbufalloc
 .text          0x000000000010757f       0xcd binaries/rdsclose.o
                0x000000000010757f                rdsclose
 .text          0x000000000010764c      0x1e7 binaries/rdscomm.o
                0x000000000010764c                rdscomm
 .text          0x0000000000107833      0x1c2 binaries/rdscontrol.o
                0x0000000000107833                rdscontrol
 .text          0x00000000001079f5      0x1e4 binaries/rdsinit.o
                0x00000000001079f5                rdsinit
 .text          0x0000000000107bd9      0x1a1 binaries/rdsopen.o
                0x0000000000107bd9                rdsopen
 .text          0x0000000000107d7a      0x2b9 binaries/rdsprocess.o
                0x0000000000107d7a                rdsprocess
 .text          0x0000000000108033      0x1e2 binaries/rdsread.o
                0x0000000000108033                rdsread
 .text          0x0000000000108215      0x1ac binaries/rdswrite.o
                0x0000000000108215                rdswrite
 .text          0x00000000001083c1        0x6 binaries/ramclose.o
                0x00000000001083c1                ramclose
 .text          0x00000000001083c7       0x34 binaries/raminit.o
                0x00000000001083c7                raminit
 .text          0x00000000001083fb        0x7 binaries/ramopen.o
                0x00000000001083fb                ramopen
 .text          0x0000000000108402       0x27 binaries/ramread.o
                0x0000000000108402                ramread
 .text          0x0000000000108429       0x27 binaries/ramwrite.o
                0x0000000000108429                ramwrite
 .text          0x0000000000108450       0x87 binaries/lfdballoc.o
                0x0000000000108450                lfdballoc
 .text          0x00000000001084d7       0x4d binaries/lfdbfree.o
                0x00000000001084d7                lfdbfree
 .text          0x0000000000108524       0x9f binaries/lfflush.o
                0x0000000000108524                lfflush
 .text          0x00000000001085c3       0x7a binaries/lfgetmode.o
                0x00000000001085c3                lfgetmode
 .text          0x000000000010863d       0x5f binaries/lfiballoc.o
                0x000000000010863d                lfiballoc
 .text          0x000000000010869c       0x25 binaries/lfibclear.o
                0x000000000010869c                lfibclear
 .text          0x00000000001086c1       0x74 binaries/lfibget.o
                0x00000000001086c1                lfibget
 .text          0x0000000000108735       0x91 binaries/lfibput.o
                0x0000000000108735                lfibput
 .text          0x00000000001087c6       0xa1 binaries/lflclose.o
                0x00000000001087c6                lflclose
 .text          0x0000000000108867       0xbe binaries/lflcontrol.o
                0x0000000000108867                lflcontrol
 .text          0x0000000000108925       0xf7 binaries/lflgetc.o
                0x0000000000108925                lflgetc
 .text          0x0000000000108a1c       0xe4 binaries/lflinit.o
                0x0000000000108a1c                lflinit
 .text          0x0000000000108b00      0x12d binaries/lflputc.o
                0x0000000000108b00                lflputc
 .text          0x0000000000108c2d       0x6a binaries/lflread.o
                0x0000000000108c2d                lflread
 .text          0x0000000000108c97       0xb8 binaries/lflseek.o
                0x0000000000108c97                lflseek
 .text          0x0000000000108d4f       0x4e binaries/lflwrite.o
                0x0000000000108d4f                lflwrite
 .text          0x0000000000108d9d      0x11a binaries/lfsckfmt.o
                0x0000000000108d9d                lfsckfmt
 .text          0x0000000000108eb7      0x1bd binaries/lfscreate.o
                0x0000000000108eb7                lfscreate
 .text          0x0000000000109074      0x1a4 binaries/lfsetup.o
                0x0000000000109074                lfsetup
 .text          0x0000000000109218       0x44 binaries/lfsinit.o
                0x0000000000109218                lfsinit
 .text          0x000000000010925c      0x303 binaries/lfsopen.o
                0x000000000010925c                lfsopen
 .text          0x000000000010955f      0x11d binaries/lftruncate.o
                0x000000000010955f                lftruncate
 .text          0x000000000010967c       0x69 binaries/rflclose.o
                0x000000000010967c                rflclose
 .text          0x00000000001096e5       0x2b binaries/rflgetc.o
                0x00000000001096e5                rflgetc
 .text          0x0000000000109710       0x69 binaries/rflinit.o
                0x0000000000109710                rflinit
 .text          0x0000000000109779       0x2c binaries/rflputc.o
                0x0000000000109779                rflputc
 .text          0x00000000001097a5      0x2c8 binaries/rflread.o
                0x00000000001097a5                rflread
 .text          0x0000000000109a6d       0x69 binaries/rflseek.o
                0x0000000000109a6d                rflseek
 .text          0x0000000000109ad6      0x2ec binaries/rflwrite.o
                0x0000000000109ad6                rflwrite
 .text          0x0000000000109dc2      0x17d binaries/rfscomm.o
                0x0000000000109dc2                rfscomm
 .text          0x0000000000109f3f      0x246 binaries/rfscontrol.o
                0x0000000000109f3f                rfscontrol
 .text          0x000000000010a185       0x7a binaries/rfsgetmode.o
                0x000000000010a185                rfsgetmode
 .text          0x000000000010a1ff       0x7d binaries/rfsinit.o
                0x000000000010a1ff                rfsinit
 .text          0x000000000010a27c       0xb7 binaries/rfsndmsg.o
                0x000000000010a27c                rfsndmsg
 .text          0x000000000010a333      0x24f binaries/rfsopen.o
                0x000000000010a333                rfsopen
 .text          0x000000000010a582      0x619 binaries/arp.o
                0x000000000010a582                arp_init
                0x000000000010a59a                arp_alloc
                0x000000000010a63e                arp_ntoh
                0x000000000010a6a8                arp_hton
                0x000000000010a712                arp_resolve
                0x000000000010a964                arp_in
 .text          0x000000000010ab9b      0x5a3 binaries/dhcp.o
                0x000000000010ab9b                dhcp_get_opt_val
                0x000000000010abee                dhcp_bld_bootp_msg
                0x000000000010acbc                dhcp_bld_disc
                0x000000000010ad0c                dhcp_bld_req
                0x000000000010ada6                getlocalip
 .text          0x000000000010b13e       0xcc binaries/dot2ip.o
                0x000000000010b13e                dot2ip
 .text          0x000000000010b20a      0x378 binaries/hexdump.o
                0x000000000010b20a                hexdump
                0x000000000010b359                hexadump
 .text          0x000000000010b582      0x6e6 binaries/icmp.o
                0x000000000010b582                icmp_init
                0x000000000010b59a                icmp_register
                0x000000000010b658                icmp_recv
                0x000000000010b7fb                icmp_mkpkt
                0x000000000010b8cc                icmp_in
                0x000000000010ba60                icmp_send
                0x000000000010bacf                icmp_release
                0x000000000010bbe7                icmp_cksum
                0x000000000010bc40                icmp_hton
                0x000000000010bc54                icmp_ntoh
 .text          0x000000000010bc68      0x5d0 binaries/ip.o
                0x000000000010bc68                ip_local
                0x000000000010bca8                ipcksum
                0x000000000010bcfb                ip_ntoh
                0x000000000010bd65                ip_in
                0x000000000010be88                ip_hton
                0x000000000010bef2                ip_out
                0x000000000010bfa5                ip_send
                0x000000000010c0b0                ipout
                0x000000000010c1a0                ip_enqueue
 .text          0x000000000010c238      0x1a8 binaries/net.o
                0x000000000010c238                net_init
                0x000000000010c32e                eth_hton
                0x000000000010c338                eth_ntoh
                0x000000000010c342                netin
 .text          0x000000000010c3e0       0xb3 binaries/netstart.o
                0x000000000010c3e0                netstart
 .text          0x000000000010c493      0xa2d binaries/pdump.o
                0x000000000010c493                pdump
                0x000000000010ca77                pdumph
 .text          0x000000000010cec0      0x5bc binaries/tftp.o
                0x000000000010cec0                tftp_send1
                0x000000000010cfdc                tftpget_mb
                0x000000000010d455                tftpget
 .text          0x000000000010d47c      0xa03 binaries/udp.o
                0x000000000010d47c                udp_init
                0x000000000010d4b9                udp_in
                0x000000000010d5d8                udp_register
                0x000000000010d6f5                udp_recv
                0x000000000010d880                udp_recvaddr
                0x000000000010da1f                udp_send
                0x000000000010dbda                udp_sendto
                0x000000000010dd4d                udp_release
                0x000000000010de57                udp_ntoh
                0x000000000010de6b                udp_hton
 .text          0x000000000010de7f      0x12c binaries/addargs.o
                0x000000000010de7f                addargs
 .text          0x000000000010dfab      0x1e2 binaries/lexan.o
                0x000000000010dfab                lexan
 .text          0x000000000010e18d      0x5d2 binaries/shell.o
                0x000000000010e18d                shell
 .text          0x000000000010e75f       0x57 binaries/xsh_argecho.o
                0x000000000010e75f                xsh_argecho
 .text          0x000000000010e7b6      0x1ff binaries/xsh_arp.o
                0x000000000010e7b6                xsh_arp
 .text          0x000000000010e9b5      0x211 binaries/xsh_cat.o
                0x000000000010e9b5                xsh_cat
 .text          0x000000000010ebc6       0x59 binaries/xsh_clear.o
                0x000000000010ebc6                xsh_clear
 .text          0x000000000010ec1f      0x2b5 binaries/xsh_date.o
                0x000000000010ec1f                xsh_date
 .text          0x000000000010eed4       0x89 binaries/xsh_devdump.o
                0x000000000010eed4                xsh_devdump
 .text          0x000000000010ef5d       0x5e binaries/xsh_echo.o
                0x000000000010ef5d                xsh_echo
 .text          0x000000000010efbb        0x6 binaries/xsh_exit.o
                0x000000000010efbb                xsh_exit
 .text          0x000000000010efc1      0x336 binaries/xsh_help.o
                0x000000000010efc1                xsh_help
 .text          0x000000000010f2f7      0x391 binaries/xsh_ipaddr.o
                0x000000000010f2f7                xsh_ipaddr
 .text          0x000000000010f688      0x1df binaries/xsh_kill.o
                0x000000000010f688                xsh_kill
 .text          0x000000000010f867      0x3f2 binaries/xsh_memdump.o
                0x000000000010f929                xsh_memdump
 .text          0x000000000010fc59      0x1d7 binaries/xsh_memstat.o
                0x000000000010fc59                xsh_memstat
 .text          0x000000000010fe30      0x2cb binaries/xsh_ping.o
                0x000000000010fe30                xsh_ping
 .text          0x00000000001100fb      0x1ac binaries/xsh_ps.o
                0x00000000001100fb                xsh_ps
 .text          0x00000000001102a7      0x1cc binaries/xsh_sleep.o
                0x00000000001102a7                xsh_sleep
 .text          0x0000000000110473      0x1d7 binaries/xsh_udpdump.o
                0x0000000000110473                xsh_udpdump
 .text          0x000000000011064a      0x406 binaries/xsh_udpecho.o
                0x000000000011064a                xsh_udpecho
 .text          0x0000000000110a50      0x243 binaries/xsh_udpeserver.o
                0x0000000000110a50                xsh_udpeserver
 .text          0x0000000000110c93      0x1c0 binaries/xsh_uptime.o
                0x0000000000110c93                xsh_uptime
 .text          0x0000000000110e53        0xe binaries/clkdisp.o
                0x0000000000110e53                clkdisp
 .text          0x0000000000110e61       0x19 binaries/ctxsw.o
                0x0000000000110e61                ctxsw
 .text          0x0000000000110e7a      0x376 binaries/intr.o
                0x0000000000110e7a                disable
                0x0000000000110e83                restore
                0x0000000000110e91                enable
                0x0000000000110e93                pause
                0x0000000000110e9a                idle
                0x0000000000110ea5                halt
                0x0000000000110eab                spurious_irq7
                0x0000000000110eb0                spurious_irq15
                0x0000000000110ebf                _Xint0
                0x0000000000110eca                _Xint1
                0x0000000000110ed5                _Xint2
                0x0000000000110ee0                _Xint3
                0x0000000000110eeb                _Xint4
                0x0000000000110ef6                _Xint5
                0x0000000000110f01                _Xint6
                0x0000000000110f0c                _Xint7
                0x0000000000110f17                _Xint8
                0x0000000000110f22                _Xint9
                0x0000000000110f2d                _Xint10
                0x0000000000110f38                _Xint11
                0x0000000000110f46                _Xint12
                0x0000000000110f54                _Xint13
                0x0000000000110f62                _Xint14
                0x0000000000110f70                _Xint15
                0x0000000000110f7e                _Xint16
                0x0000000000110f8c                _Xint17
                0x0000000000110f9a                _Xint18
                0x0000000000110fa8                _Xint19
                0x0000000000110fb6                _Xint20
                0x0000000000110fc4                _Xint21
                0x0000000000110fd2                _Xint22
                0x0000000000110fe0                _Xint23
                0x0000000000110fee                _Xint24
                0x0000000000110ffc                _Xint25
                0x000000000011100a                _Xint26
                0x0000000000111018                _Xint27
                0x0000000000111026                _Xint28
                0x0000000000111034                _Xint29
                0x0000000000111042                _Xint30
                0x0000000000111050                _Xint31
                0x000000000011105e                _Xint32
                0x000000000011106c                _Xint33
                0x000000000011107a                _Xint34
                0x0000000000111088                _Xint35
                0x0000000000111096                _Xint36
                0x00000000001110a4                _Xint37
                0x00000000001110b2                _Xint38
                0x00000000001110c0                _Xint39
                0x00000000001110ce                _Xint40
                0x00000000001110dc                _Xint41
                0x00000000001110ea                _Xint42
                0x00000000001110f8                _Xint43
                0x0000000000111106                _Xint44
                0x0000000000111114                _Xint45
                0x0000000000111122                _Xint46
                0x0000000000111130                defevec
 .text          0x00000000001111f0        0xf binaries/ttydispatch.o
                0x00000000001111f0                ttydispatch
 .text          0x00000000001111ff       0x13 binaries/ethdispatch.o
                0x00000000001111ff                ethdispatch
 *(.rodata .rodata.*)
 .rodata.str1.1
                0x0000000000111212       0x17 binaries/app1.o
 .rodata.str1.1
                0x0000000000111229        0x5 binaries/app2.o
                                         0x1c (size before relaxing)
 *fill*         0x000000000011122e        0x2 
 .rodata.str1.4
                0x0000000000111230       0x2d binaries/app2.o
 *fill*         0x000000000011125d        0x3 
 .rodata.str1.4
                0x0000000000111260       0x4a binaries/app3.o
 .rodata.str1.1
                0x00000000001112aa       0x29 binaries/app3.o
 .rodata.str1.1
                0x00000000001112d3       0x54 binaries/ascdate.o
 *fill*         0x0000000000111327        0x1 
 .rodata.str1.4
                0x0000000000111328       0x22 binaries/ascdate.o
 .rodata.str1.1
                0x000000000011134a       0x5f binaries/conf.o
 *fill*         0x00000000001113a9        0x3 
 .rodata.str1.4
                0x00000000001113ac       0x4f binaries/early_imr.o
 *fill*         0x00000000001113fb        0x1 
 .rodata        0x00000000001113fc       0x33 binaries/early_imr.o
 .rodata.str1.1
                0x000000000011142f      0x20c binaries/evec.o
 *fill*         0x000000000011163b        0x1 
 .rodata.str1.4
                0x000000000011163c       0x23 binaries/evec.o
 .rodata.str1.1
                0x000000000011165f        0xb binaries/getutime.o
 *fill*         0x000000000011166a        0x2 
 .rodata.str1.4
                0x000000000011166c       0x54 binaries/getutime.o
 .rodata.str1.1
                0x00000000001116c0       0x6b binaries/initialize.o
                                         0x6f (size before relaxing)
 *fill*         0x000000000011172b        0x1 
 .rodata.str1.4
                0x000000000011172c       0xd4 binaries/initialize.o
 .rodata        0x0000000000111800       0x20 binaries/kill.o
 .rodata.str1.1
                0x0000000000111820       0x10 binaries/main.o
 .rodata.str1.4
                0x0000000000111830       0x23 binaries/meminit.o
 .rodata.str1.1
                0x0000000000111853       0x1b binaries/meminit.o
 *fill*         0x000000000011186e        0x2 
 .rodata.str1.4
                0x0000000000111870      0x19b binaries/mywelcomemsg.o
 .rodata.str1.1
                0x0000000000111a0b       0x16 binaries/mywelcomemsg.o
 .rodata.str1.1
                0x0000000000111a21        0xf binaries/panic.o
 .rodata.str1.1
                0x0000000000111a30       0x1c binaries/ptinit.o
 .rodata.str1.4
                0x0000000000111a4c       0x25 binaries/ptsend.o
 .rodata.str1.1
                0x0000000000111a71       0x22 binaries/quark_pdat.o
 *fill*         0x0000000000111a93        0x1 
 .rodata.str1.4
                0x0000000000111a94       0x63 binaries/stacktrace.o
 .rodata.str1.1
                0x0000000000111af7       0x52 binaries/stacktrace.o
 *fill*         0x0000000000111b49        0x3 
 .rodata.str1.4
                0x0000000000111b4c       0x27 binaries/xdone.o
 *fill*         0x0000000000111b73        0xd 
 .rodata        0x0000000000111b80       0x81 binaries/ctype_.o
                0x0000000000111b80                _ctype_
 .rodata.str1.1
                0x0000000000111c01       0x29 binaries/doprnt.o
 *fill*         0x0000000000111c2a        0x2 
 .rodata        0x0000000000111c2c       0xc4 binaries/doprnt.o
 .rodata        0x0000000000111cf0       0x98 binaries/doscan.o
 .rodata.str1.1
                0x0000000000111d88       0x29 binaries/fdoprnt.o
 .rodata        0x0000000000111d88       0x84 binaries/fdoprnt.o
 .rodata        0x0000000000111e0c       0x20 binaries/ttycontrol.o
 .rodata.str1.4
                0x0000000000111e2c       0x4c binaries/naminit.o
 .rodata.str1.1
                0x0000000000111e78       0x32 binaries/naminit.o
                                         0x35 (size before relaxing)
 .rodata.str1.1
                0x0000000000111eaa       0x15 binaries/ethinit.o
 *fill*         0x0000000000111ebf        0x1 
 .rodata.str1.4
                0x0000000000111ec0       0x2e binaries/ethinit.o
 *fill*         0x0000000000111eee        0x2 
 .rodata.str1.4
                0x0000000000111ef0       0x2c binaries/rdsbufalloc.o
 .rodata.str1.4
                0x0000000000111f1c       0x76 binaries/rdscomm.o
 *fill*         0x0000000000111f92        0x2 
 .rodata.str1.4
                0x0000000000111f94       0x48 binaries/rdscontrol.o
 .rodata.str1.4
                0x0000000000111fdc       0x7e binaries/rdsinit.o
 .rodata.str1.1
                0x000000000011205a       0x18 binaries/rdsinit.o
 *fill*         0x0000000000112072        0x2 
 .rodata.str1.4
                0x0000000000112074       0x22 binaries/rdsopen.o
 *fill*         0x0000000000112096        0x2 
 .rodata.str1.4
                0x0000000000112098       0x4d binaries/rdsprocess.o
 .rodata.str1.1
                0x00000000001120e5        0x9 binaries/raminit.o
 .rodata.str1.1
                0x00000000001120ee       0x13 binaries/lfdballoc.o
 *fill*         0x0000000000112101        0x3 
 .rodata.str1.4
                0x0000000000112104       0x23 binaries/lfdballoc.o
 .rodata.str1.1
                0x0000000000112127       0x14 binaries/lfiballoc.o
 *fill*         0x000000000011213b        0x1 
 .rodata.str1.4
                0x000000000011213c       0x23 binaries/lflcontrol.o
 .rodata.str1.1
                0x000000000011215f       0x64 binaries/lfsckfmt.o
 *fill*         0x00000000001121c3        0x1 
 .rodata.str1.4
                0x00000000001121c4       0x51 binaries/lfsckfmt.o
 *fill*         0x0000000000112215        0x3 
 .rodata.str1.4
                0x0000000000112218       0x21 binaries/rflread.o
 .rodata.str1.4
                0x0000000000112239       0x21 binaries/rflwrite.o
 *fill*         0x0000000000112239        0x3 
 .rodata.str1.4
                0x000000000011223c       0x75 binaries/rfscomm.o
 *fill*         0x00000000001122b1        0x3 
 .rodata.str1.4
                0x00000000001122b4       0x23 binaries/rfscontrol.o
 *fill*         0x00000000001122d7        0x1 
 .rodata        0x00000000001122d8       0x18 binaries/rfscontrol.o
 .rodata.str1.1
                0x00000000001122f0       0x10 binaries/rfsinit.o
 .rodata.str1.4
                0x00000000001122f0       0x57 binaries/rfsinit.o
 *fill*         0x0000000000112347        0x1 
 .rodata.str1.4
                0x0000000000112348       0x2a binaries/rfsndmsg.o
 .rodata.str1.4
                0x0000000000112372       0x22 binaries/rfsopen.o
 .rodata.str1.1
                0x0000000000112372       0x19 binaries/arp.o
 *fill*         0x000000000011238b        0x1 
 .rodata.str1.4
                0x000000000011238c       0x21 binaries/arp.o
 *fill*         0x00000000001123ad        0x3 
 .rodata.str1.4
                0x00000000001123b0       0xa6 binaries/dhcp.o
 .rodata.str1.1
                0x0000000000112456       0x4a binaries/dhcp.o
 .rodata.str1.1
                0x00000000001124a0       0x5a binaries/hexdump.o
                                         0x61 (size before relaxing)
 *fill*         0x00000000001124fa        0x2 
 .rodata.str1.4
                0x00000000001124fc       0x67 binaries/hexdump.o
 *fill*         0x0000000000112563        0x1 
 .rodata.str1.4
                0x0000000000112564       0x29 binaries/icmp.o
 .rodata.str1.1
                0x000000000011258d       0x4e binaries/ip.o
 *fill*         0x00000000001125db        0x1 
 .rodata.str1.4
                0x00000000001125dc       0x20 binaries/ip.o
 .rodata.str1.4
                0x00000000001125fc       0x28 binaries/net.o
 .rodata.str1.1
                0x0000000000112624       0x27 binaries/net.o
 *fill*         0x000000000011264b        0x1 
 .rodata.str1.4
                0x000000000011264c       0xcf binaries/netstart.o
 .rodata.str1.1
                0x000000000011271b      0x141 binaries/pdump.o
                                        0x14b (size before relaxing)
 .rodata.str1.4
                0x000000000011285c      0x126 binaries/pdump.o
 *fill*         0x0000000000112982        0x2 
 .rodata.str1.4
                0x0000000000112984      0x148 binaries/tftp.o
 .rodata.str1.1
                0x0000000000112acc        0x6 binaries/tftp.o
                                          0xa (size before relaxing)
 .rodata.str1.1
                0x0000000000112ad2       0xe3 binaries/shell.o
                                         0xff (size before relaxing)
 *fill*         0x0000000000112bb5        0x3 
 .rodata.str1.4
                0x0000000000112bb8      0x1e8 binaries/shell.o
 .rodata        0x0000000000112da0       0xfc binaries/shell.o
                0x0000000000112da0                cmdtab
 .rodata.str1.1
                0x0000000000112e9c       0x26 binaries/xsh_argecho.o
                                         0x28 (size before relaxing)
 .rodata.str1.1
                0x0000000000112ec2       0x70 binaries/xsh_arp.o
                                         0x72 (size before relaxing)
 *fill*         0x0000000000112f32        0x2 
 .rodata.str1.4
                0x0000000000112f34       0xb4 binaries/xsh_arp.o
 .rodata.str1.1
                0x0000000000112fe8       0x2d binaries/xsh_cat.o
                                         0x4f (size before relaxing)
 *fill*         0x0000000000113015        0x3 
 .rodata.str1.4
                0x0000000000113018       0x52 binaries/xsh_cat.o
                                         0x79 (size before relaxing)
 .rodata.str1.1
                0x000000000011306a       0x15 binaries/xsh_clear.o
 .rodata.str1.1
                0x000000000011307f       0x46 binaries/xsh_date.o
                                         0x5f (size before relaxing)
 *fill*         0x00000000001130c5        0x3 
 .rodata.str1.4
                0x00000000001130c8      0x163 binaries/xsh_date.o
 .rodata.str1.1
                0x000000000011322b       0x5d binaries/xsh_devdump.o
 .rodata.str1.1
                0x0000000000113288        0x4 binaries/xsh_echo.o
                                          0x9 (size before relaxing)
 .rodata.str1.1
                0x000000000011328c       0x65 binaries/xsh_help.o
                                         0xa3 (size before relaxing)
 *fill*         0x00000000001132f1        0x3 
 .rodata.str1.4
                0x00000000001132f4       0x7c binaries/xsh_help.o
                                         0xc6 (size before relaxing)
 .rodata.str1.1
                0x0000000000113370       0x9c binaries/xsh_ipaddr.o
                                         0xf8 (size before relaxing)
 .rodata.str1.4
                0x000000000011340c       0x4d binaries/xsh_ipaddr.o
                                         0x99 (size before relaxing)
 .rodata.str1.1
                0x0000000000113459       0x78 binaries/xsh_kill.o
                                         0x97 (size before relaxing)
 *fill*         0x00000000001134d1        0x3 
 .rodata.str1.4
                0x00000000001134d4       0x4a binaries/xsh_kill.o
                                         0x96 (size before relaxing)
 .rodata.str1.1
                0x000000000011351e       0x84 binaries/xsh_memdump.o
                                         0xa8 (size before relaxing)
 *fill*         0x00000000001135a2        0x2 
 .rodata.str1.4
                0x00000000001135a4      0x15a binaries/xsh_memdump.o
                                        0x1aa (size before relaxing)
 .rodata.str1.1
                0x00000000001136fe       0x40 binaries/xsh_memstat.o
                                         0x79 (size before relaxing)
 *fill*         0x000000000011373e        0x2 
 .rodata.str1.4
                0x0000000000113740      0x187 binaries/xsh_memstat.o
                                        0x1af (size before relaxing)
 .rodata.str1.1
                0x00000000001138c7       0x90 binaries/xsh_ping.o
                                         0xaf (size before relaxing)
 *fill*         0x0000000000113957        0x1 
 .rodata.str1.4
                0x0000000000113958       0x77 binaries/xsh_ping.o
                                         0xc6 (size before relaxing)
 .rodata.str1.1
                0x00000000001139cf       0x74 binaries/xsh_ps.o
                                         0xd5 (size before relaxing)
 *fill*         0x0000000000113a43        0x1 
 .rodata.str1.4
                0x0000000000113a44       0x80 binaries/xsh_ps.o
                                         0xd0 (size before relaxing)
 *fill*         0x0000000000113ac4       0x1c 
 .rodata        0x0000000000113ae0       0x20 binaries/xsh_ps.o
 .rodata.str1.1
                0x0000000000113b00       0x31 binaries/xsh_sleep.o
                                         0x72 (size before relaxing)
 *fill*         0x0000000000113b31        0x3 
 .rodata.str1.4
                0x0000000000113b34       0x2a binaries/xsh_sleep.o
                                         0x7a (size before relaxing)
 .rodata.str1.1
                0x0000000000113b5e       0x6b binaries/xsh_udpdump.o
                                         0xd2 (size before relaxing)
 *fill*         0x0000000000113bc9        0x3 
 .rodata.str1.4
                0x0000000000113bcc       0x94 binaries/xsh_udpdump.o
                                         0xe4 (size before relaxing)
 .rodata.str1.1
                0x0000000000113c60       0xdb binaries/xsh_udpecho.o
                                         0xfa (size before relaxing)
 *fill*         0x0000000000113d3b        0x1 
 .rodata.str1.4
                0x0000000000113d3c       0xc7 binaries/xsh_udpecho.o
                                        0x116 (size before relaxing)
 .rodata.str1.1
                0x0000000000113e03       0x66 binaries/xsh_udpeserver.o
                                         0x8f (size before relaxing)
 *fill*         0x0000000000113e69        0x3 
 .rodata.str1.4
                0x0000000000113e6c       0x29 binaries/xsh_udpeserver.o
                                         0x9f (size before relaxing)
 .rodata.str1.1
                0x0000000000113e95       0x49 binaries/xsh_uptime.o
                                         0x8c (size before relaxing)
 *fill*         0x0000000000113ede        0x2 
 .rodata.str1.4
                0x0000000000113ee0       0x28 binaries/xsh_uptime.o
                                         0x76 (size before relaxing)
                0x0000000000113f08                etext = ABSOLUTE (.)
                0x0000000000114000                . = ALIGN (0x1000)
 *fill*         0x0000000000113f08       0xf8 

.eh_frame       0x0000000000114000     0x681c
 .eh_frame      0x0000000000114000       0x4c binaries/app1.o
 .eh_frame      0x000000000011404c       0x64 binaries/app2.o
                                         0x7c (size before relaxing)
 .eh_frame      0x00000000001140b0       0x44 binaries/app3.o
                                         0x5c (size before relaxing)
 .eh_frame      0x00000000001140f4       0x60 binaries/ascdate.o
                                         0x78 (size before relaxing)
 .eh_frame      0x0000000000114154       0x14 binaries/bufinit.o
                                         0x2c (size before relaxing)
 .eh_frame      0x0000000000114168       0x40 binaries/chprio.o
                                         0x58 (size before relaxing)
 .eh_frame      0x00000000001141a8       0x18 binaries/clkhandler.o
                                         0x30 (size before relaxing)
 .eh_frame      0x00000000001141c0       0x3c binaries/clkinit.o
                                         0x54 (size before relaxing)
 .eh_frame      0x00000000001141fc       0x3c binaries/close.o
                                         0x54 (size before relaxing)
 .eh_frame      0x0000000000114238       0x44 binaries/control.o
                                         0x5c (size before relaxing)
 .eh_frame      0x000000000011427c       0x5c binaries/create.o
                                         0x74 (size before relaxing)
 .eh_frame      0x00000000001142d8      0x148 binaries/early_imr.o
                                        0x160 (size before relaxing)
 .eh_frame      0x0000000000114420      0x1a8 binaries/evec.o
                                        0x1c0 (size before relaxing)
 .eh_frame      0x00000000001145c8       0x50 binaries/freebuf.o
                                         0x68 (size before relaxing)
 .eh_frame      0x0000000000114618       0x58 binaries/freemem.o
                                         0x70 (size before relaxing)
 .eh_frame      0x0000000000114670       0x40 binaries/getbuf.o
                                         0x58 (size before relaxing)
 .eh_frame      0x00000000001146b0       0x3c binaries/getc.o
                                         0x54 (size before relaxing)
 .eh_frame      0x00000000001146ec       0x5c binaries/getdev.o
                                         0x74 (size before relaxing)
 .eh_frame      0x0000000000114748       0x4c binaries/getitem.o
                                         0x64 (size before relaxing)
 .eh_frame      0x0000000000114794       0x50 binaries/getmem.o
                                         0x68 (size before relaxing)
 .eh_frame      0x00000000001147e4       0x14 binaries/getpid.o
                                         0x2c (size before relaxing)
 .eh_frame      0x00000000001147f8       0x14 binaries/getppid.o
                                         0x2c (size before relaxing)
 .eh_frame      0x000000000011480c       0x14 binaries/getpname.o
                                         0x2c (size before relaxing)
 .eh_frame      0x0000000000114820       0x34 binaries/getprio.o
                                         0x4c (size before relaxing)
 .eh_frame      0x0000000000114854       0x58 binaries/getstk.o
                                         0x70 (size before relaxing)
 .eh_frame      0x00000000001148ac       0x20 binaries/gettime.o
                                         0x38 (size before relaxing)
 .eh_frame      0x00000000001148cc       0x8c binaries/getutime.o
                                         0xa4 (size before relaxing)
 .eh_frame      0x0000000000114958       0x3c binaries/init.o
                                         0x54 (size before relaxing)
 .eh_frame      0x0000000000114994      0x100 binaries/initialize.o
                                        0x118 (size before relaxing)
 .eh_frame      0x0000000000114a94       0x24 binaries/insert.o
                                         0x3c (size before relaxing)
 .eh_frame      0x0000000000114ab8       0x38 binaries/insertd.o
                                         0x50 (size before relaxing)
 .eh_frame      0x0000000000114af0       0x14 binaries/ioerr.o
                                         0x2c (size before relaxing)
 .eh_frame      0x0000000000114b04       0x14 binaries/ionull.o
                                         0x2c (size before relaxing)
 .eh_frame      0x0000000000114b18       0x78 binaries/kill.o
                                         0x90 (size before relaxing)
 .eh_frame      0x0000000000114b90       0x80 binaries/kprintf.o
                                         0x98 (size before relaxing)
 .eh_frame      0x0000000000114c10       0x2c binaries/main.o
                                         0x44 (size before relaxing)
 .eh_frame      0x0000000000114c3c       0x4c binaries/mark.o
                                         0x64 (size before relaxing)
 .eh_frame      0x0000000000114c88       0x74 binaries/meminit.o
                                         0x8c (size before relaxing)
 .eh_frame      0x0000000000114cfc       0x74 binaries/mkbufpool.o
                                         0x8c (size before relaxing)
 .eh_frame      0x0000000000114d70       0x1c binaries/mywelcomemsg.o
                                         0x34 (size before relaxing)
 .eh_frame      0x0000000000114d8c       0x14 binaries/newqueue.o
                                         0x2c (size before relaxing)
 .eh_frame      0x0000000000114da0       0x44 binaries/open.o
                                         0x5c (size before relaxing)
 .eh_frame      0x0000000000114de4       0x20 binaries/panic.o
                                         0x38 (size before relaxing)
 .eh_frame      0x0000000000114e04       0xec binaries/pci.o
                                        0x104 (size before relaxing)
 .eh_frame      0x0000000000114ef0       0x38 binaries/platinit.o
                                         0x50 (size before relaxing)
 .eh_frame      0x0000000000114f28       0x68 binaries/ptclear.o
                                         0x80 (size before relaxing)
 .eh_frame      0x0000000000114f90       0x50 binaries/ptcount.o
                                         0x68 (size before relaxing)
 .eh_frame      0x0000000000114fe0       0x60 binaries/ptcreate.o
                                         0x78 (size before relaxing)
 .eh_frame      0x0000000000115040       0x44 binaries/ptdelete.o
                                         0x5c (size before relaxing)
 .eh_frame      0x0000000000115084       0x3c binaries/ptinit.o
                                         0x54 (size before relaxing)
 .eh_frame      0x00000000001150c0       0x54 binaries/ptrecv.o
                                         0x6c (size before relaxing)
 .eh_frame      0x0000000000115114       0x44 binaries/ptreset.o
                                         0x5c (size before relaxing)
 .eh_frame      0x0000000000115158       0x5c binaries/ptsend.o
                                         0x74 (size before relaxing)
 .eh_frame      0x00000000001151b4       0x44 binaries/putc.o
                                         0x5c (size before relaxing)
 .eh_frame      0x00000000001151f8       0x60 binaries/quark_irq.o
                                         0x78 (size before relaxing)
 .eh_frame      0x0000000000115258       0xd0 binaries/quark_pdat.o
                                         0xe8 (size before relaxing)
 .eh_frame      0x0000000000115328       0x3c binaries/queue.o
                                         0x54 (size before relaxing)
 .eh_frame      0x0000000000115364       0x44 binaries/read.o
                                         0x5c (size before relaxing)
 .eh_frame      0x00000000001153a8       0x28 binaries/ready.o
                                         0x40 (size before relaxing)
 .eh_frame      0x00000000001153d0       0x38 binaries/receive.o
                                         0x50 (size before relaxing)
 .eh_frame      0x0000000000115408       0x28 binaries/recvclr.o
                                         0x40 (size before relaxing)
 .eh_frame      0x0000000000115430       0x50 binaries/recvtime.o
                                         0x68 (size before relaxing)
 .eh_frame      0x0000000000115480       0x64 binaries/resched.o
                                         0x7c (size before relaxing)
 .eh_frame      0x00000000001154e4       0x48 binaries/resume.o
                                         0x60 (size before relaxing)
 .eh_frame      0x000000000011552c       0x40 binaries/seek.o
                                         0x58 (size before relaxing)
 .eh_frame      0x000000000011556c       0x34 binaries/semcount.o
                                         0x4c (size before relaxing)
 .eh_frame      0x00000000001155a0       0x40 binaries/semcreate.o
                                         0x58 (size before relaxing)
 .eh_frame      0x00000000001155e0       0x5c binaries/semdelete.o
                                         0x74 (size before relaxing)
 .eh_frame      0x000000000011563c       0x68 binaries/semreset.o
                                         0x80 (size before relaxing)
 .eh_frame      0x00000000001156a4       0x58 binaries/send.o
                                         0x70 (size before relaxing)
 .eh_frame      0x00000000001156fc       0x50 binaries/signal.o
                                         0x68 (size before relaxing)
 .eh_frame      0x000000000011574c       0x5c binaries/signaln.o
                                         0x74 (size before relaxing)
 .eh_frame      0x00000000001157a8       0x74 binaries/sleep.o
                                         0x8c (size before relaxing)
 .eh_frame      0x000000000011581c       0x9c binaries/stacktrace.o
                                         0xb4 (size before relaxing)
 .eh_frame      0x00000000001158b8       0x50 binaries/suspend.o
                                         0x68 (size before relaxing)
 .eh_frame      0x0000000000115908       0x44 binaries/unsleep.o
                                         0x5c (size before relaxing)
 .eh_frame      0x000000000011594c       0x20 binaries/userret.o
                                         0x38 (size before relaxing)
 .eh_frame      0x000000000011596c       0x54 binaries/wait.o
                                         0x6c (size before relaxing)
 .eh_frame      0x00000000001159c0       0x2c binaries/wakeup.o
                                         0x44 (size before relaxing)
 .eh_frame      0x00000000001159ec       0x44 binaries/write.o
                                         0x5c (size before relaxing)
 .eh_frame      0x0000000000115a30       0x1c binaries/xdone.o
                                         0x34 (size before relaxing)
 .eh_frame      0x0000000000115a4c       0x28 binaries/yield.o
                                         0x40 (size before relaxing)
 .eh_frame      0x0000000000115a74       0x14 binaries/abs.o
                                         0x2c (size before relaxing)
 .eh_frame      0x0000000000115a88       0x24 binaries/atoi.o
                                         0x3c (size before relaxing)
 .eh_frame      0x0000000000115aac       0x24 binaries/atol.o
                                         0x3c (size before relaxing)
 .eh_frame      0x0000000000115ad0       0x14 binaries/bzero.o
                                         0x2c (size before relaxing)
 .eh_frame      0x0000000000115ae4      0x130 binaries/doprnt.o
                                        0x148 (size before relaxing)
 .eh_frame      0x0000000000115c14      0x104 binaries/doscan.o
                                        0x11c (size before relaxing)
 .eh_frame      0x0000000000115d18      0x110 binaries/fdoprnt.o
                                        0x128 (size before relaxing)
 .eh_frame      0x0000000000115e28       0x20 binaries/fgetc.o
                                         0x38 (size before relaxing)
 .eh_frame      0x0000000000115e48       0x44 binaries/fgets.o
                                         0x5c (size before relaxing)
 .eh_frame      0x0000000000115e8c       0x24 binaries/fprintf.o
                                         0x3c (size before relaxing)
 .eh_frame      0x0000000000115eb0       0x20 binaries/fputc.o
                                         0x38 (size before relaxing)
 .eh_frame      0x0000000000115ed0       0x38 binaries/fputs.o
                                         0x50 (size before relaxing)
 .eh_frame      0x0000000000115f08       0x6c binaries/fscanf.o
                                         0x84 (size before relaxing)
 .eh_frame      0x0000000000115f74       0x1c binaries/getchar.o
                                         0x34 (size before relaxing)
 .eh_frame      0x0000000000115f90       0x14 binaries/labs.o
                                         0x2c (size before relaxing)
 .eh_frame      0x0000000000115fa4       0x14 binaries/memchr.o
                                         0x2c (size before relaxing)
 .eh_frame      0x0000000000115fb8       0x24 binaries/memcmp.o
                                         0x3c (size before relaxing)
 .eh_frame      0x0000000000115fdc       0x24 binaries/memcpy.o
                                         0x3c (size before relaxing)
 .eh_frame      0x0000000000116000       0x1c binaries/memset.o
                                         0x34 (size before relaxing)
 .eh_frame      0x000000000011601c       0x24 binaries/printf.o
                                         0x3c (size before relaxing)
 .eh_frame      0x0000000000116040       0x20 binaries/putchar.o
                                         0x38 (size before relaxing)
 .eh_frame      0x0000000000116060       0xc0 binaries/qsort.o
                                         0xd8 (size before relaxing)
 .eh_frame      0x0000000000116120       0x28 binaries/rand.o
                                         0x40 (size before relaxing)
 .eh_frame      0x0000000000116148       0x48 binaries/sprintf.o
                                         0x60 (size before relaxing)
 .eh_frame      0x0000000000116190       0x54 binaries/sscanf.o
                                         0x6c (size before relaxing)
 .eh_frame      0x00000000001161e4       0x1c binaries/strchr.o
                                         0x34 (size before relaxing)
 .eh_frame      0x0000000000116200       0x1c binaries/strcmp.o
                                         0x34 (size before relaxing)
 .eh_frame      0x000000000011621c       0x14 binaries/strcpy.o
                                         0x2c (size before relaxing)
 .eh_frame      0x0000000000116230       0x14 binaries/strlen.o
                                         0x2c (size before relaxing)
 .eh_frame      0x0000000000116244       0x2c binaries/strncat.o
                                         0x44 (size before relaxing)
 .eh_frame      0x0000000000116270       0x1c binaries/strncmp.o
                                         0x34 (size before relaxing)
 .eh_frame      0x000000000011628c       0x30 binaries/strncpy.o
                                         0x48 (size before relaxing)
 .eh_frame      0x00000000001162bc       0x1c binaries/strnlen.o
                                         0x34 (size before relaxing)
 .eh_frame      0x00000000001162d8       0x1c binaries/strrchr.o
                                         0x34 (size before relaxing)
 .eh_frame      0x00000000001162f4       0x38 binaries/strstr.o
                                         0x50 (size before relaxing)
 .eh_frame      0x000000000011632c       0x48 binaries/ttycontrol.o
                                         0x60 (size before relaxing)
 .eh_frame      0x0000000000116374       0x38 binaries/ttygetc.o
                                         0x50 (size before relaxing)
 .eh_frame      0x00000000001163ac       0xd8 binaries/ttyhandle_in.o
                                         0xf0 (size before relaxing)
 .eh_frame      0x0000000000116484       0x64 binaries/ttyhandle_out.o
                                         0x7c (size before relaxing)
 .eh_frame      0x00000000001164e8       0x54 binaries/ttyhandler.o
                                         0x6c (size before relaxing)
 .eh_frame      0x000000000011653c       0x48 binaries/ttyinit.o
                                         0x60 (size before relaxing)
 .eh_frame      0x0000000000116584       0x14 binaries/ttykickout.o
                                         0x2c (size before relaxing)
 .eh_frame      0x0000000000116598       0x58 binaries/ttyputc.o
                                         0x70 (size before relaxing)
 .eh_frame      0x00000000001165f0       0x60 binaries/ttyread.o
                                         0x78 (size before relaxing)
 .eh_frame      0x0000000000116650       0x38 binaries/ttywrite.o
                                         0x50 (size before relaxing)
 .eh_frame      0x0000000000116688       0x78 binaries/mount.o
                                         0x90 (size before relaxing)
 .eh_frame      0x0000000000116700       0xe4 binaries/naminit.o
                                         0xfc (size before relaxing)
 .eh_frame      0x00000000001167e4       0xe8 binaries/nammap.o
                                        0x100 (size before relaxing)
 .eh_frame      0x00000000001168cc       0x3c binaries/namopen.o
                                         0x54 (size before relaxing)
 .eh_frame      0x0000000000116908       0x3c binaries/colon2mac.o
                                         0x54 (size before relaxing)
 .eh_frame      0x0000000000116944       0x40 binaries/ethcontrol.o
                                         0x58 (size before relaxing)
 .eh_frame      0x0000000000116984       0x58 binaries/ethhandler.o
                                         0x70 (size before relaxing)
 .eh_frame      0x00000000001169dc      0x14c binaries/ethinit.o
                                        0x164 (size before relaxing)
 .eh_frame      0x0000000000116b28       0xa0 binaries/ethmcast.o
                                         0xb8 (size before relaxing)
 .eh_frame      0x0000000000116bc8       0x80 binaries/ethread.o
                                         0x98 (size before relaxing)
 .eh_frame      0x0000000000116c48       0x44 binaries/ethwrite.o
                                         0x5c (size before relaxing)
 .eh_frame      0x0000000000116c8c       0x30 binaries/rdsbufalloc.o
                                         0x48 (size before relaxing)
 .eh_frame      0x0000000000116cbc       0x3c binaries/rdsclose.o
                                         0x54 (size before relaxing)
 .eh_frame      0x0000000000116cf8       0x8c binaries/rdscomm.o
                                         0xa4 (size before relaxing)
 .eh_frame      0x0000000000116d84       0xb0 binaries/rdscontrol.o
                                         0xc8 (size before relaxing)
 .eh_frame      0x0000000000116e34       0x90 binaries/rdsinit.o
                                         0xa8 (size before relaxing)
 .eh_frame      0x0000000000116ec4       0x74 binaries/rdsopen.o
                                         0x8c (size before relaxing)
 .eh_frame      0x0000000000116f38       0xf8 binaries/rdsprocess.o
                                        0x110 (size before relaxing)
 .eh_frame      0x0000000000117030       0x7c binaries/rdsread.o
                                         0x94 (size before relaxing)
 .eh_frame      0x00000000001170ac       0x80 binaries/rdswrite.o
                                         0x98 (size before relaxing)
 .eh_frame      0x000000000011712c       0x14 binaries/ramclose.o
                                         0x2c (size before relaxing)
 .eh_frame      0x0000000000117140       0x2c binaries/raminit.o
                                         0x44 (size before relaxing)
 .eh_frame      0x000000000011716c       0x14 binaries/ramopen.o
                                         0x2c (size before relaxing)
 .eh_frame      0x0000000000117180       0x20 binaries/ramread.o
                                         0x38 (size before relaxing)
 .eh_frame      0x00000000001171a0       0x20 binaries/ramwrite.o
                                         0x38 (size before relaxing)
 .eh_frame      0x00000000001171c0       0x64 binaries/lfdballoc.o
                                         0x7c (size before relaxing)
 .eh_frame      0x0000000000117224       0x40 binaries/lfdbfree.o
                                         0x58 (size before relaxing)
 .eh_frame      0x0000000000117264       0x50 binaries/lfflush.o
                                         0x68 (size before relaxing)
 .eh_frame      0x00000000001172b4       0x14 binaries/lfgetmode.o
                                         0x2c (size before relaxing)
 .eh_frame      0x00000000001172c8       0x44 binaries/lfiballoc.o
                                         0x5c (size before relaxing)
 .eh_frame      0x000000000011730c       0x14 binaries/lfibclear.o
                                         0x2c (size before relaxing)
 .eh_frame      0x0000000000117320       0x4c binaries/lfibget.o
                                         0x64 (size before relaxing)
 .eh_frame      0x000000000011736c       0x68 binaries/lfibput.o
                                         0x80 (size before relaxing)
 .eh_frame      0x00000000001173d4       0x4c binaries/lflclose.o
                                         0x64 (size before relaxing)
 .eh_frame      0x0000000000117420       0x68 binaries/lflcontrol.o
                                         0x80 (size before relaxing)
 .eh_frame      0x0000000000117488       0x5c binaries/lflgetc.o
                                         0x74 (size before relaxing)
 .eh_frame      0x00000000001174e4       0x50 binaries/lflinit.o
                                         0x68 (size before relaxing)
 .eh_frame      0x0000000000117534       0x68 binaries/lflputc.o
                                         0x80 (size before relaxing)
 .eh_frame      0x000000000011759c       0x44 binaries/lflread.o
                                         0x5c (size before relaxing)
 .eh_frame      0x00000000001175e0       0x50 binaries/lflseek.o
                                         0x68 (size before relaxing)
 .eh_frame      0x0000000000117630       0x48 binaries/lflwrite.o
                                         0x60 (size before relaxing)
 .eh_frame      0x0000000000117678       0xc8 binaries/lfsckfmt.o
                                         0xe0 (size before relaxing)
 .eh_frame      0x0000000000117740       0xd4 binaries/lfscreate.o
                                         0xec (size before relaxing)
 .eh_frame      0x0000000000117814       0xbc binaries/lfsetup.o
                                         0xd4 (size before relaxing)
 .eh_frame      0x00000000001178d0       0x28 binaries/lfsinit.o
                                         0x40 (size before relaxing)
 .eh_frame      0x00000000001178f8       0x90 binaries/lfsopen.o
                                         0xa8 (size before relaxing)
 .eh_frame      0x0000000000117988       0x84 binaries/lftruncate.o
                                         0x9c (size before relaxing)
 .eh_frame      0x0000000000117a0c       0x30 binaries/rflclose.o
                                         0x48 (size before relaxing)
 .eh_frame      0x0000000000117a3c       0x24 binaries/rflgetc.o
                                         0x3c (size before relaxing)
 .eh_frame      0x0000000000117a60       0x1c binaries/rflinit.o
                                         0x34 (size before relaxing)
 .eh_frame      0x0000000000117a7c       0x24 binaries/rflputc.o
                                         0x3c (size before relaxing)
 .eh_frame      0x0000000000117aa0       0xd8 binaries/rflread.o
                                         0xf0 (size before relaxing)
 .eh_frame      0x0000000000117b78       0x30 binaries/rflseek.o
                                         0x48 (size before relaxing)
 .eh_frame      0x0000000000117ba8       0xcc binaries/rflwrite.o
                                         0xe4 (size before relaxing)
 .eh_frame      0x0000000000117c74       0x88 binaries/rfscomm.o
                                         0xa0 (size before relaxing)
 .eh_frame      0x0000000000117cfc      0x110 binaries/rfscontrol.o
                                        0x128 (size before relaxing)
 .eh_frame      0x0000000000117e0c       0x14 binaries/rfsgetmode.o
                                         0x2c (size before relaxing)
 .eh_frame      0x0000000000117e20       0x3c binaries/rfsinit.o
                                         0x54 (size before relaxing)
 .eh_frame      0x0000000000117e5c       0x3c binaries/rfsndmsg.o
                                         0x54 (size before relaxing)
 .eh_frame      0x0000000000117e98       0xd0 binaries/rfsopen.o
                                         0xe8 (size before relaxing)
 .eh_frame      0x0000000000117f68      0x244 binaries/arp.o
                                        0x25c (size before relaxing)
 .eh_frame      0x00000000001181ac      0x264 binaries/dhcp.o
                                        0x27c (size before relaxing)
 .eh_frame      0x0000000000118410       0x38 binaries/dot2ip.o
                                         0x50 (size before relaxing)
 .eh_frame      0x0000000000118448      0x1b0 binaries/hexdump.o
                                        0x1c8 (size before relaxing)
 .eh_frame      0x00000000001185f8      0x2e0 binaries/icmp.o
                                        0x2f8 (size before relaxing)
 .eh_frame      0x00000000001188d8      0x2a4 binaries/ip.o
                                        0x2bc (size before relaxing)
 .eh_frame      0x0000000000118b7c      0x114 binaries/net.o
[...]
 .comment       0x000000000000002a       0x2b binaries/udp.o
 .comment       0x000000000000002a       0x2b binaries/addargs.o
 .comment       0x000000000000002a       0x2b binaries/lexan.o
 .comment       0x000000000000002a       0x2b binaries/shell.o
 .comment       0x000000000000002a       0x2b binaries/xsh_argecho.o
 .comment       0x000000000000002a       0x2b binaries/xsh_arp.o
 .comment       0x000000000000002a       0x2b binaries/xsh_cat.o
 .comment       0x000000000000002a       0x2b binaries/xsh_clear.o
 .comment       0x000000000000002a       0x2b binaries/xsh_date.o
 .comment       0x000000000000002a       0x2b binaries/xsh_devdump.o
 .comment       0x000000000000002a       0x2b binaries/xsh_echo.o
 .comment       0x000000000000002a       0x2b binaries/xsh_exit.o
 .comment       0x000000000000002a       0x2b binaries/xsh_help.o
 .comment       0x000000000000002a       0x2b binaries/xsh_ipaddr.o
 .comment       0x000000000000002a       0x2b binaries/xsh_kill.o
 .comment       0x000000000000002a       0x2b binaries/xsh_memdump.o
 .comment       0x000000000000002a       0x2b binaries/xsh_memstat.o
 .comment       0x000000000000002a       0x2b binaries/xsh_ping.o
 .comment       0x000000000000002a       0x2b binaries/xsh_ps.o
 .comment       0x000000000000002a       0x2b binaries/xsh_sleep.o
 .comment       0x000000000000002a       0x2b binaries/xsh_udpdump.o
 .comment       0x000000000000002a       0x2b binaries/xsh_udpecho.o
 .comment       0x000000000000002a       0x2b binaries/xsh_udpeserver.o
 .comment       0x000000000000002a       0x2b binaries/xsh_uptime.o

.note.GNU-stack
                0x0000000000000000        0x0
 .note.GNU-stack
                0x0000000000000000        0x0 binaries/app1.o
 .note.GNU-stack
                0x0000000000000000        0x0 binaries/app2.o
 .note.GNU-stack
                0x0000000000000000        0x0 binaries/app3.o
 .note.GNU-stack
                0x0000000000000000        0x0 binaries/ascdate.o
 .note.GNU-stack
                0x0000000000000000        0x0 binaries/bufinit.o
 .note.GNU-stack
                0x0000000000000000        0x0 binaries/chprio.o
 .note.GNU-stack
                0x0000000000000000        0x0 binaries/clkhandler.o
 .note.GNU-stack
                0x0000000000000000        0x0 binaries/clkinit.o
 .note.GNU-stack
                0x0000000000000000        0x0 binaries/close.o
 .note.GNU-stack
                0x0000000000000000        0x0 binaries/conf.o
 .note.GNU-stack
                0x0000000000000000        0x0 binaries/control.o
 .note.GNU-stack
                0x0000000000000000        0x0 binaries/create.o
 .note.GNU-stack
                0x0000000000000000        0x0 binaries/early_imr.o
 .note.GNU-stack
                0x0000000000000000        0x0 binaries/evec.o
 .note.GNU-stack
                0x0000000000000000        0x0 binaries/freebuf.o
 .note.GNU-stack
                0x0000000000000000        0x0 binaries/freemem.o
 .note.GNU-stack
                0x0000000000000000        0x0 binaries/getbuf.o
 .note.GNU-stack
                0x0000000000000000        0x0 binaries/getc.o
 .note.GNU-stack
                0x0000000000000000        0x0 binaries/getdev.o
 .note.GNU-stack
                0x0000000000000000        0x0 binaries/getitem.o
 .note.GNU-stack
                0x0000000000000000        0x0 binaries/getmem.o
 .note.GNU-stack
                0x0000000000000000        0x0 binaries/getpid.o
 .note.GNU-stack
                0x0000000000000000        0x0 binaries/getppid.o
 .note.GNU-stack
                0x0000000000000000        0x0 binaries/getpname.o
 .note.GNU-stack
                0x0000000000000000        0x0 binaries/getprio.o
 .note.GNU-stack
                0x0000000000000000        0x0 binaries/getstk.o
 .note.GNU-stack
                0x0000000000000000        0x0 binaries/gettime.o
 .note.GNU-stack
                0x0000000000000000        0x0 binaries/getutime.o
 .note.GNU-stack
                0x0000000000000000        0x0 binaries/init.o
 .note.GNU-stack
                0x0000000000000000        0x0 binaries/initialize.o
 .note.GNU-stack
                0x0000000000000000        0x0 binaries/insert.o
 .note.GNU-stack
                0x0000000000000000        0x0 binaries/insertd.o
 .note.GNU-stack
                0x0000000000000000        0x0 binaries/ioerr.o
 .note.GNU-stack
                0x0000000000000000        0x0 binaries/ionull.o
 .note.GNU-stack
                0x0000000000000000        0x0 binaries/kill.o
 .note.GNU-stack
                0x0000000000000000        0x0 binaries/kprintf.o
 .note.GNU-stack
                0x0000000000000000        0x0 binaries/main.o
 .note.GNU-stack
                0x0000000000000000        0x0 binaries/mark.o
 .note.GNU-stack
                0x0000000000000000        0x0 binaries/meminit.o
 .note.GNU-stack
                0x0000000000000000        0x0 binaries/mkbufpool.o
 .note.GNU-stack
                0x0000000000000000        0x0 binaries/mywelcomemsg.o
 .note.GNU-stack
                0x0000000000000000        0x0 binaries/newqueue.o
 .note.GNU-stack
                0x0000000000000000        0x0 binaries/open.o
 .note.GNU-stack
                0x0000000000000000        0x0 binaries/panic.o
 .note.GNU-stack
                0x0000000000000000        0x0 binaries/pci.o
 .note.GNU-stack
                0x0000000000000000        0x0 binaries/platinit.o
 .note.GNU-stack
                0x0000000000000000        0x0 binaries/ptclear.o
 .note.GNU-stack
                0x0000000000000000        0x0 binaries/ptcount.o
 .note.GNU-stack
                0x0000000000000000        0x0 binaries/ptcreate.o
 .note.GNU-stack
                0x0000000000000000        0x0 binaries/ptdelete.o
 .note.GNU-stack
                0x0000000000000000        0x0 binaries/ptinit.o
 .note.GNU-stack
                0x0000000000000000        0x0 binaries/ptrecv.o
 .note.GNU-stack
                0x0000000000000000        0x0 binaries/ptreset.o
 .note.GNU-stack
                0x0000000000000000        0x0 binaries/ptsend.o
 .note.GNU-stack
                0x0000000000000000        0x0 binaries/putc.o
 .note.GNU-stack
                0x0000000000000000        0x0 binaries/quark_irq.o
 .note.GNU-stack
                0x0000000000000000        0x0 binaries/quark_pdat.o
 .note.GNU-stack
                0x0000000000000000        0x0 binaries/queue.o
 .note.GNU-stack
                0x0000000000000000        0x0 binaries/read.o
 .note.GNU-stack
                0x0000000000000000        0x0 binaries/ready.o
 .note.GNU-stack
                0x0000000000000000        0x0 binaries/receive.o
 .note.GNU-stack
                0x0000000000000000        0x0 binaries/recvclr.o
 .note.GNU-stack
                0x0000000000000000        0x0 binaries/recvtime.o
 .note.GNU-stack
                0x0000000000000000        0x0 binaries/resched.o
 .note.GNU-stack
                0x0000000000000000        0x0 binaries/resume.o
 .note.GNU-stack
                0x0000000000000000        0x0 binaries/seek.o
 .note.GNU-stack
                0x0000000000000000        0x0 binaries/semcount.o
 .note.GNU-stack
                0x0000000000000000        0x0 binaries/semcreate.o
 .note.GNU-stack
                0x0000000000000000        0x0 binaries/semdelete.o
 .note.GNU-stack
                0x0000000000000000        0x0 binaries/semreset.o
 .note.GNU-stack
                0x0000000000000000        0x0 binaries/send.o
 .note.GNU-stack
                0x0000000000000000        0x0 binaries/signal.o
 .note.GNU-stack
                0x0000000000000000        0x0 binaries/signaln.o
 .note.GNU-stack
                0x0000000000000000        0x0 binaries/sleep.o
 .note.GNU-stack
                0x0000000000000000        0x0 binaries/stacktrace.o
 .note.GNU-stack
                0x0000000000000000        0x0 binaries/suspend.o
 .note.GNU-stack
                0x0000000000000000        0x0 binaries/unsleep.o
 .note.GNU-stack
                0x0000000000000000        0x0 binaries/userret.o
 .note.GNU-stack
                0x0000000000000000        0x0 binaries/wait.o
 .note.GNU-stack
                0x0000000000000000        0x0 binaries/wakeup.o
 .note.GNU-stack
                0x0000000000000000        0x0 binaries/write.o
 .note.GNU-stack
                0x0000000000000000        0x0 binaries/xdone.o
 .note.GNU-stack
                0x0000000000000000        0x0 binaries/yield.o
 .note.GNU-stack
                0x0000000000000000        0x0 binaries/abs.o
 .note.GNU-stack
                0x0000000000000000        0x0 binaries/atoi.o
 .note.GNU-stack
                0x0000000000000000        0x0 binaries/atol.o
 .note.GNU-stack
                0x0000000000000000        0x0 binaries/bzero.o
 .note.GNU-stack
                0x0000000000000000        0x0 binaries/ctype_.o
 .note.GNU-stack
                0x0000000000000000        0x0 binaries/doprnt.o
 .note.GNU-stack
                0x0000000000000000        0x0 binaries/doscan.o
 .note.GNU-stack
                0x0000000000000000        0x0 binaries/fdoprnt.o
 .note.GNU-stack
                0x0000000000000000        0x0 binaries/fgetc.o
 .note.GNU-stack
                0x0000000000000000        0x0 binaries/fgets.o
 .note.GNU-stack
                0x0000000000000000        0x0 binaries/fprintf.o
 .note.GNU-stack
                0x0000000000000000        0x0 binaries/fputc.o
 .note.GNU-stack
                0x0000000000000000        0x0 binaries/fputs.o
 .note.GNU-stack
                0x0000000000000000        0x0 binaries/fscanf.o
 .note.GNU-stack
                0x0000000000000000        0x0 binaries/getchar.o
 .note.GNU-stack
                0x0000000000000000        0x0 binaries/labs.o
 .note.GNU-stack
                0x0000000000000000        0x0 binaries/memchr.o
 .note.GNU-stack
                0x0000000000000000        0x0 binaries/memcmp.o
 .note.GNU-stack
                0x0000000000000000        0x0 binaries/memcpy.o
 .note.GNU-stack
                0x0000000000000000        0x0 binaries/memset.o
 .note.GNU-stack
                0x0000000000000000        0x0 binaries/printf.o
 .note.GNU-stack
                0x0000000000000000        0x0 binaries/putchar.o
 .note.GNU-stack
                0x0000000000000000        0x0 binaries/qsort.o
 .note.GNU-stack
                0x0000000000000000        0x0 binaries/rand.o
 .note.GNU-stack
                0x0000000000000000        0x0 binaries/sprintf.o
 .note.GNU-stack
                0x0000000000000000        0x0 binaries/sscanf.o
 .note.GNU-stack
                0x0000000000000000        0x0 binaries/strchr.o
 .note.GNU-stack
                0x0000000000000000        0x0 binaries/strcmp.o
 .note.GNU-stack
                0x0000000000000000        0x0 binaries/strcpy.o
 .note.GNU-stack
                0x0000000000000000        0x0 binaries/strlen.o
 .note.GNU-stack
                0x0000000000000000        0x0 binaries/strncat.o
 .note.GNU-stack
                0x0000000000000000        0x0 binaries/strncmp.o
 .note.GNU-stack
                0x0000000000000000        0x0 binaries/strncpy.o
 .note.GNU-stack
                0x0000000000000000        0x0 binaries/strnlen.o
 .note.GNU-stack
                0x0000000000000000        0x0 binaries/strrchr.o
 .note.GNU-stack
                0x0000000000000000        0x0 binaries/strstr.o
 .note.GNU-stack
                0x0000000000000000        0x0 binaries/ttycontrol.o
 .note.GNU-stack
                0x0000000000000000        0x0 binaries/ttygetc.o
 .note.GNU-stack
                0x0000000000000000        0x0 binaries/ttyhandle_in.o
 .note.GNU-stack
                0x0000000000000000        0x0 binaries/ttyhandle_out.o
 .note.GNU-stack
                0x0000000000000000        0x0 binaries/ttyhandler.o
 .note.GNU-stack
                0x0000000000000000        0x0 binaries/ttyinit.o
 .note.GNU-stack
                0x0000000000000000        0x0 binaries/ttykickout.o
 .note.GNU-stack
                0x0000000000000000        0x0 binaries/ttyputc.o
 .note.GNU-stack
                0x0000000000000000        0x0 binaries/ttyread.o
 .note.GNU-stack
                0x0000000000000000        0x0 binaries/ttywrite.o
 .note.GNU-stack
                0x0000000000000000        0x0 binaries/mount.o
 .note.GNU-stack
                0x0000000000000000        0x0 binaries/naminit.o
 .note.GNU-stack
                0x0000000000000000        0x0 binaries/nammap.o
 .note.GNU-stack
                0x0000000000000000        0x0 binaries/namopen.o
 .note.GNU-stack
                0x0000000000000000        0x0 binaries/colon2mac.o
 .note.GNU-stack
                0x0000000000000000        0x0 binaries/ethcontrol.o
 .note.GNU-stack
                0x0000000000000000        0x0 binaries/ethhandler.o
 .note.GNU-stack
                0x0000000000000000        0x0 binaries/ethinit.o
 .note.GNU-stack
                0x0000000000000000        0x0 binaries/ethmcast.o
 .note.GNU-stack
                0x0000000000000000        0x0 binaries/ethread.o
 .note.GNU-stack
                0x0000000000000000        0x0 binaries/ethwrite.o
 .note.GNU-stack
                0x0000000000000000        0x0 binaries/rdsbufalloc.o
 .note.GNU-stack
                0x0000000000000000        0x0 binaries/rdsclose.o
 .note.GNU-stack
                0x0000000000000000        0x0 binaries/rdscomm.o
 .note.GNU-stack
                0x0000000000000000        0x0 binaries/rdscontrol.o
 .note.GNU-stack
                0x0000000000000000        0x0 binaries/rdsinit.o
 .note.GNU-stack
                0x0000000000000000        0x0 binaries/rdsopen.o
 .note.GNU-stack
                0x0000000000000000        0x0 binaries/rdsprocess.o
 .note.GNU-stack
                0x0000000000000000        0x0 binaries/rdsread.o
 .note.GNU-stack
                0x0000000000000000        0x0 binaries/rdswrite.o
 .note.GNU-stack
                0x0000000000000000        0x0 binaries/ramclose.o
 .note.GNU-stack
                0x0000000000000000        0x0 binaries/raminit.o
 .note.GNU-stack
                0x0000000000000000        0x0 binaries/ramopen.o
 .note.GNU-stack
                0x0000000000000000        0x0 binaries/ramread.o
 .note.GNU-stack
                0x0000000000000000        0x0 binaries/ramwrite.o
 .note.GNU-stack
                0x0000000000000000        0x0 binaries/lfdballoc.o
 .note.GNU-stack
                0x0000000000000000        0x0 binaries/lfdbfree.o
 .note.GNU-stack
                0x0000000000000000        0x0 binaries/lfflush.o
 .note.GNU-stack
                0x0000000000000000        0x0 binaries/lfgetmode.o
 .note.GNU-stack
                0x0000000000000000        0x0 binaries/lfiballoc.o
 .note.GNU-stack
                0x0000000000000000        0x0 binaries/lfibclear.o
 .note.GNU-stack
                0x0000000000000000        0x0 binaries/lfibget.o
 .note.GNU-stack
                0x0000000000000000        0x0 binaries/lfibput.o
 .note.GNU-stack
                0x0000000000000000        0x0 binaries/lflclose.o
 .note.GNU-stack
                0x0000000000000000        0x0 binaries/lflcontrol.o
 .note.GNU-stack
                0x0000000000000000        0x0 binaries/lflgetc.o
 .note.GNU-stack
                0x0000000000000000        0x0 binaries/lflinit.o
 .note.GNU-stack
                0x0000000000000000        0x0 binaries/lflputc.o
 .note.GNU-stack
                0x0000000000000000        0x0 binaries/lflread.o
 .note.GNU-stack
                0x0000000000000000        0x0 binaries/lflseek.o
 .note.GNU-stack
                0x0000000000000000        0x0 binaries/lflwrite.o
 .note.GNU-stack
                0x0000000000000000        0x0 binaries/lfsckfmt.o
 .note.GNU-stack
                0x0000000000000000        0x0 binaries/lfscreate.o
 .note.GNU-stack
                0x0000000000000000        0x0 binaries/lfsetup.o
 .note.GNU-stack
                0x0000000000000000        0x0 binaries/lfsinit.o
 .note.GNU-stack
                0x0000000000000000        0x0 binaries/lfsopen.o
 .note.GNU-stack
                0x0000000000000000        0x0 binaries/lftruncate.o
 .note.GNU-stack
                0x0000000000000000        0x0 binaries/rflclose.o
 .note.GNU-stack
                0x0000000000000000        0x0 binaries/rflgetc.o
 .note.GNU-stack
                0x0000000000000000        0x0 binaries/rflinit.o
 .note.GNU-stack
                0x0000000000000000        0x0 binaries/rflputc.o
 .note.GNU-stack
                0x0000000000000000        0x0 binaries/rflread.o
 .note.GNU-stack
                0x0000000000000000        0x0 binaries/rflseek.o
 .note.GNU-stack
                0x0000000000000000        0x0 binaries/rflwrite.o
 .note.GNU-stack
                0x0000000000000000        0x0 binaries/rfscomm.o
 .note.GNU-stack
                0x0000000000000000        0x0 binaries/rfscontrol.o
 .note.GNU-stack
                0x0000000000000000        0x0 binaries/rfsgetmode.o
 .note.GNU-stack
                0x0000000000000000        0x0 binaries/rfsinit.o
 .note.GNU-stack
                0x0000000000000000        0x0 binaries/rfsndmsg.o
 .note.GNU-stack
                0x0000000000000000        0x0 binaries/rfsopen.o
 .note.GNU-stack
                0x0000000000000000        0x0 binaries/arp.o
 .note.GNU-stack
                0x0000000000000000        0x0 binaries/dhcp.o
 .note.GNU-stack
                0x0000000000000000        0x0 binaries/dot2ip.o
 .note.GNU-stack
                0x0000000000000000        0x0 binaries/hexdump.o
 .note.GNU-stack
                0x0000000000000000        0x0 binaries/icmp.o
 .note.GNU-stack
                0x0000000000000000        0x0 binaries/ip.o
 .note.GNU-stack
                0x0000000000000000        0x0 binaries/net.o
 .note.GNU-stack
                0x0000000000000000        0x0 binaries/netstart.o
 .note.GNU-stack
                0x0000000000000000        0x0 binaries/pdump.o
 .note.GNU-stack
                0x0000000000000000        0x0 binaries/tftp.o
 .note.GNU-stack
                0x0000000000000000        0x0 binaries/udp.o
 .note.GNU-stack
                0x0000000000000000        0x0 binaries/addargs.o
 .note.GNU-stack
                0x0000000000000000        0x0 binaries/lexan.o
 .note.GNU-stack
                0x0000000000000000        0x0 binaries/shell.o
 .note.GNU-stack
                0x0000000000000000        0x0 binaries/xsh_argecho.o
 .note.GNU-stack
                0x0000000000000000        0x0 binaries/xsh_arp.o
 .note.GNU-stack
                0x0000000000000000        0x0 binaries/xsh_cat.o
 .note.GNU-stack
                0x0000000000000000        0x0 binaries/xsh_clear.o
 .note.GNU-stack
                0x0000000000000000        0x0 binaries/xsh_date.o
 .note.GNU-stack
                0x0000000000000000        0x0 binaries/xsh_devdump.o
 .note.GNU-stack
                0x0000000000000000        0x0 binaries/xsh_echo.o
 .note.GNU-stack
                0x0000000000000000        0x0 binaries/xsh_exit.o
 .note.GNU-stack
                0x0000000000000000        0x0 binaries/xsh_help.o
 .note.GNU-stack
                0x0000000000000000        0x0 binaries/xsh_ipaddr.o
 .note.GNU-stack
                0x0000000000000000        0x0 binaries/xsh_kill.o
 .note.GNU-stack
                0x0000000000000000        0x0 binaries/xsh_memdump.o
 .note.GNU-stack
                0x0000000000000000        0x0 binaries/xsh_memstat.o
 .note.GNU-stack
                0x0000000000000000        0x0 binaries/xsh_ping.o
 .note.GNU-stack
                0x0000000000000000        0x0 binaries/xsh_ps.o
 .note.GNU-stack
                0x0000000000000000        0x0 binaries/xsh_sleep.o
 .note.GNU-stack
                0x0000000000000000        0x0 binaries/xsh_udpdump.o
 .note.GNU-stack
                0x0000000000000000        0x0 binaries/xsh_udpecho.o
 .note.GNU-stack
                0x0000000000000000        0x0 binaries/xsh_udpeserver.o
 .note.GNU-stack
                0x0000000000000000        0x0 binaries/xsh_uptime.o
